10:37:28 **** Incremental Build of configuration Debug for project MyBoardFLASH ****
make -j16 all 
arm-none-eabi-gcc "../Core/Src/quadspi.c" -mcpu=cortex-m4 -std=gnu11 -g3 -DDEBUG -DUSE_HAL_DRIVER -DSTM32L476xx -c -I../Core/Inc -I../USB_DEVICE/App -I../USB_DEVICE/Target -I../Drivers/STM32L4xx_HAL_Driver/Inc -I../Drivers/STM32L4xx_HAL_Driver/Inc/Legacy -I../Middlewares/ST/STM32_USB_Device_Library/Core/Inc -I../Middlewares/ST/STM32_USB_Device_Library/Class/CDC/Inc -I../Drivers/CMSIS/Device/ST/STM32L4xx/Include -I../Drivers/CMSIS/Include -O0 -ffunction-sections -fdata-sections -Wall -fstack-usage -fcyclomatic-complexity -MMD -MP -MF"Core/Src/quadspi.d" -MT"Core/Src/quadspi.o" --specs=nano.specs -mfpu=fpv4-sp-d16 -mfloat-abi=hard -mthumb -o "Core/Src/quadspi.o"
In file included from ../Core/Src/quadspi.c:21:
../Core/Inc/quadspi.h:66: warning: "SECTOR_ERASE_CMD" redefined
   66 | #define SECTOR_ERASE_CMD 0x20
      | 
In file included from ../Core/Inc/quadspi.h:33,
                 from ../Core/Src/quadspi.c:21:
../Core/Inc/mx25l512.h:151: note: this is the location of the previous definition
  151 | #define SECTOR_ERASE_CMD                     0xD8
      | 
arm-none-eabi-gcc -o "MyBoardFLASH.elf" @"objects.list"   -mcpu=cortex-m4 -T"C:\Users\Public\Documents\Altium\STM32_Board_Internship\Software\MyBoardFLASH\STM32L476RGTX_FLASH.ld" --specs=nosys.specs -Wl,-Map="MyBoardFLASH.map" -Wl,--gc-sections -static --specs=nano.specs -mfpu=fpv4-sp-d16 -mfloat-abi=hard -mthumb -Wl,--start-group -lc -lm -Wl,--end-group
Finished building target: MyBoardFLASH.elf
 
arm-none-eabi-size   MyBoardFLASH.elf 
arm-none-eabi-objdump -h -S  MyBoardFLASH.elf  > "MyBoardFLASH.list"
   text	   data	    bss	    dec	    hex	filename
  45564	    368	  17096	  63028	   f634	MyBoardFLASH.elf
Finished building: default.size.stdout
 
Finished building: MyBoardFLASH.list
 

10:37:29 Build Finished. 0 errors, 1 warnings. (took 1s.112ms)

