Archive member included to satisfy reference by file (symbol)

D:/STM32/STM32CubeIDE_1.13.0/STM32CubeIDE/plugins/com.st.stm32cube.ide.mcu.externaltools.gnu-tools-for-stm32.11.3.rel1.win32_1.1.0.202305231506/tools/bin/../lib/gcc/arm-none-eabi/11.3.1/../../../../arm-none-eabi/lib/thumb/v7e-m+fp/hard\libc_nano.a(libc_a-exit.o)
                              D:/STM32/STM32CubeIDE_1.13.0/STM32CubeIDE/plugins/com.st.stm32cube.ide.mcu.externaltools.gnu-tools-for-stm32.11.3.rel1.win32_1.1.0.202305231506/tools/bin/../lib/gcc/arm-none-eabi/11.3.1/../../../../arm-none-eabi/lib/thumb/v7e-m+fp/hard/crt0.o (exit)
D:/STM32/STM32CubeIDE_1.13.0/STM32CubeIDE/plugins/com.st.stm32cube.ide.mcu.externaltools.gnu-tools-for-stm32.11.3.rel1.win32_1.1.0.202305231506/tools/bin/../lib/gcc/arm-none-eabi/11.3.1/../../../../arm-none-eabi/lib/thumb/v7e-m+fp/hard\libc_nano.a(libc_a-findfp.o)
                              D:/STM32/STM32CubeIDE_1.13.0/STM32CubeIDE/plugins/com.st.stm32cube.ide.mcu.externaltools.gnu-tools-for-stm32.11.3.rel1.win32_1.1.0.202305231506/tools/bin/../lib/gcc/arm-none-eabi/11.3.1/../../../../arm-none-eabi/lib/thumb/v7e-m+fp/hard\libc_nano.a(libc_a-exit.o) (__stdio_exit_handler)
D:/STM32/STM32CubeIDE_1.13.0/STM32CubeIDE/plugins/com.st.stm32cube.ide.mcu.externaltools.gnu-tools-for-stm32.11.3.rel1.win32_1.1.0.202305231506/tools/bin/../lib/gcc/arm-none-eabi/11.3.1/../../../../arm-none-eabi/lib/thumb/v7e-m+fp/hard\libc_nano.a(libc_a-fwalk.o)
                              D:/STM32/STM32CubeIDE_1.13.0/STM32CubeIDE/plugins/com.st.stm32cube.ide.mcu.externaltools.gnu-tools-for-stm32.11.3.rel1.win32_1.1.0.202305231506/tools/bin/../lib/gcc/arm-none-eabi/11.3.1/../../../../arm-none-eabi/lib/thumb/v7e-m+fp/hard\libc_nano.a(libc_a-findfp.o) (_fwalk_sglue)
D:/STM32/STM32CubeIDE_1.13.0/STM32CubeIDE/plugins/com.st.stm32cube.ide.mcu.externaltools.gnu-tools-for-stm32.11.3.rel1.win32_1.1.0.202305231506/tools/bin/../lib/gcc/arm-none-eabi/11.3.1/../../../../arm-none-eabi/lib/thumb/v7e-m+fp/hard\libc_nano.a(libc_a-printf.o)
                              ./Core/Src/main.o (printf)
D:/STM32/STM32CubeIDE_1.13.0/STM32CubeIDE/plugins/com.st.stm32cube.ide.mcu.externaltools.gnu-tools-for-stm32.11.3.rel1.win32_1.1.0.202305231506/tools/bin/../lib/gcc/arm-none-eabi/11.3.1/../../../../arm-none-eabi/lib/thumb/v7e-m+fp/hard\libc_nano.a(libc_a-stdio.o)
                              D:/STM32/STM32CubeIDE_1.13.0/STM32CubeIDE/plugins/com.st.stm32cube.ide.mcu.externaltools.gnu-tools-for-stm32.11.3.rel1.win32_1.1.0.202305231506/tools/bin/../lib/gcc/arm-none-eabi/11.3.1/../../../../arm-none-eabi/lib/thumb/v7e-m+fp/hard\libc_nano.a(libc_a-findfp.o) (__sread)
D:/STM32/STM32CubeIDE_1.13.0/STM32CubeIDE/plugins/com.st.stm32cube.ide.mcu.externaltools.gnu-tools-for-stm32.11.3.rel1.win32_1.1.0.202305231506/tools/bin/../lib/gcc/arm-none-eabi/11.3.1/../../../../arm-none-eabi/lib/thumb/v7e-m+fp/hard\libc_nano.a(libc_a-memset.o)
                              D:/STM32/STM32CubeIDE_1.13.0/STM32CubeIDE/plugins/com.st.stm32cube.ide.mcu.externaltools.gnu-tools-for-stm32.11.3.rel1.win32_1.1.0.202305231506/tools/bin/../lib/gcc/arm-none-eabi/11.3.1/../../../../arm-none-eabi/lib/thumb/v7e-m+fp/hard/crt0.o (memset)
D:/STM32/STM32CubeIDE_1.13.0/STM32CubeIDE/plugins/com.st.stm32cube.ide.mcu.externaltools.gnu-tools-for-stm32.11.3.rel1.win32_1.1.0.202305231506/tools/bin/../lib/gcc/arm-none-eabi/11.3.1/../../../../arm-none-eabi/lib/thumb/v7e-m+fp/hard\libc_nano.a(libc_a-closer.o)
                              D:/STM32/STM32CubeIDE_1.13.0/STM32CubeIDE/plugins/com.st.stm32cube.ide.mcu.externaltools.gnu-tools-for-stm32.11.3.rel1.win32_1.1.0.202305231506/tools/bin/../lib/gcc/arm-none-eabi/11.3.1/../../../../arm-none-eabi/lib/thumb/v7e-m+fp/hard\libc_nano.a(libc_a-stdio.o) (_close_r)
D:/STM32/STM32CubeIDE_1.13.0/STM32CubeIDE/plugins/com.st.stm32cube.ide.mcu.externaltools.gnu-tools-for-stm32.11.3.rel1.win32_1.1.0.202305231506/tools/bin/../lib/gcc/arm-none-eabi/11.3.1/../../../../arm-none-eabi/lib/thumb/v7e-m+fp/hard\libc_nano.a(libc_a-reent.o)
                              D:/STM32/STM32CubeIDE_1.13.0/STM32CubeIDE/plugins/com.st.stm32cube.ide.mcu.externaltools.gnu-tools-for-stm32.11.3.rel1.win32_1.1.0.202305231506/tools/bin/../lib/gcc/arm-none-eabi/11.3.1/../../../../arm-none-eabi/lib/thumb/v7e-m+fp/hard\libc_nano.a(libc_a-closer.o) (errno)
D:/STM32/STM32CubeIDE_1.13.0/STM32CubeIDE/plugins/com.st.stm32cube.ide.mcu.externaltools.gnu-tools-for-stm32.11.3.rel1.win32_1.1.0.202305231506/tools/bin/../lib/gcc/arm-none-eabi/11.3.1/../../../../arm-none-eabi/lib/thumb/v7e-m+fp/hard\libc_nano.a(libc_a-impure.o)
                              D:/STM32/STM32CubeIDE_1.13.0/STM32CubeIDE/plugins/com.st.stm32cube.ide.mcu.externaltools.gnu-tools-for-stm32.11.3.rel1.win32_1.1.0.202305231506/tools/bin/../lib/gcc/arm-none-eabi/11.3.1/../../../../arm-none-eabi/lib/thumb/v7e-m+fp/hard\libc_nano.a(libc_a-printf.o) (_impure_ptr)
[...]
Memory Configuration

Name             Origin             Length             Attributes
RAM              0x0000000020000000 0x0000000000018000 xrw
RAM2             0x0000000010000000 0x0000000000008000 xrw
FLASH            0x0000000008000000 0x0000000000100000 xr
*default*        0x0000000000000000 0xffffffffffffffff

Linker script and memory map

LOAD D:/STM32/STM32CubeIDE_1.13.0/STM32CubeIDE/plugins/com.st.stm32cube.ide.mcu.externaltools.gnu-tools-for-stm32.11.3.rel1.win32_1.1.0.202305231506/tools/bin/../lib/gcc/arm-none-eabi/11.3.1/thumb/v7e-m+fp/hard/crti.o
LOAD D:/STM32/STM32CubeIDE_1.13.0/STM32CubeIDE/plugins/com.st.stm32cube.ide.mcu.externaltools.gnu-tools-for-stm32.11.3.rel1.win32_1.1.0.202305231506/tools/bin/../lib/gcc/arm-none-eabi/11.3.1/thumb/v7e-m+fp/hard/crtbegin.o
LOAD D:/STM32/STM32CubeIDE_1.13.0/STM32CubeIDE/plugins/com.st.stm32cube.ide.mcu.externaltools.gnu-tools-for-stm32.11.3.rel1.win32_1.1.0.202305231506/tools/bin/../lib/gcc/arm-none-eabi/11.3.1/../../../../arm-none-eabi/lib/thumb/v7e-m+fp/hard/crt0.o
LOAD ./Core/Src/can.o
LOAD ./Core/Src/gpio.o
LOAD ./Core/Src/i2c.o
LOAD ./Core/Src/main.o
LOAD ./Core/Src/quadspi.o
LOAD ./Core/Src/stm32l4xx_hal_msp.o
LOAD ./Core/Src/stm32l4xx_it.o
LOAD ./Core/Src/syscalls.o
LOAD ./Core/Src/sysmem.o
LOAD ./Core/Src/system_stm32l4xx.o
LOAD ./Core/Src/usart.o
LOAD ./Core/Startup/startup_stm32l476rgtx.o
LOAD ./Drivers/STM32L4xx_HAL_Driver/Src/stm32l4xx_hal.o
LOAD ./Drivers/STM32L4xx_HAL_Driver/Src/stm32l4xx_hal_can.o
LOAD ./Drivers/STM32L4xx_HAL_Driver/Src/stm32l4xx_hal_cortex.o
LOAD ./Drivers/STM32L4xx_HAL_Driver/Src/stm32l4xx_hal_dma.o
LOAD ./Drivers/STM32L4xx_HAL_Driver/Src/stm32l4xx_hal_dma_ex.o
LOAD ./Drivers/STM32L4xx_HAL_Driver/Src/stm32l4xx_hal_exti.o
LOAD ./Drivers/STM32L4xx_HAL_Driver/Src/stm32l4xx_hal_flash.o
LOAD ./Drivers/STM32L4xx_HAL_Driver/Src/stm32l4xx_hal_flash_ex.o
LOAD ./Drivers/STM32L4xx_HAL_Driver/Src/stm32l4xx_hal_flash_ramfunc.o
LOAD ./Drivers/STM32L4xx_HAL_Driver/Src/stm32l4xx_hal_gpio.o
LOAD ./Drivers/STM32L4xx_HAL_Driver/Src/stm32l4xx_hal_i2c.o
LOAD ./Drivers/STM32L4xx_HAL_Driver/Src/stm32l4xx_hal_i2c_ex.o
LOAD ./Drivers/STM32L4xx_HAL_Driver/Src/stm32l4xx_hal_pcd.o
LOAD ./Drivers/STM32L4xx_HAL_Driver/Src/stm32l4xx_hal_pcd_ex.o
LOAD ./Drivers/STM32L4xx_HAL_Driver/Src/stm32l4xx_hal_pwr.o
LOAD ./Drivers/STM32L4xx_HAL_Driver/Src/stm32l4xx_hal_pwr_ex.o
LOAD ./Drivers/STM32L4xx_HAL_Driver/Src/stm32l4xx_hal_qspi.o
LOAD ./Drivers/STM32L4xx_HAL_Driver/Src/stm32l4xx_hal_rcc.o
LOAD ./Drivers/STM32L4xx_HAL_Driver/Src/stm32l4xx_hal_rcc_ex.o
LOAD ./Drivers/STM32L4xx_HAL_Driver/Src/stm32l4xx_hal_tim.o
LOAD ./Drivers/STM32L4xx_HAL_Driver/Src/stm32l4xx_hal_tim_ex.o
LOAD ./Drivers/STM32L4xx_HAL_Driver/Src/stm32l4xx_hal_uart.o
LOAD ./Drivers/STM32L4xx_HAL_Driver/Src/stm32l4xx_hal_uart_ex.o
LOAD ./Drivers/STM32L4xx_HAL_Driver/Src/stm32l4xx_ll_usb.o
LOAD ./Middlewares/ST/STM32_USB_Device_Library/Class/CDC/Src/usbd_cdc.o
LOAD ./Middlewares/ST/STM32_USB_Device_Library/Core/Src/usbd_core.o
LOAD ./Middlewares/ST/STM32_USB_Device_Library/Core/Src/usbd_ctlreq.o
LOAD ./Middlewares/ST/STM32_USB_Device_Library/Core/Src/usbd_ioreq.o
LOAD ./USB_DEVICE/App/usb_device.o
LOAD ./USB_DEVICE/App/usbd_cdc_if.o
LOAD ./USB_DEVICE/App/usbd_desc.o
LOAD ./USB_DEVICE/Target/usbd_conf.o
START GROUP
LOAD D:/STM32/STM32CubeIDE_1.13.0/STM32CubeIDE/plugins/com.st.stm32cube.ide.mcu.externaltools.gnu-tools-for-stm32.11.3.rel1.win32_1.1.0.202305231506/tools/bin/../lib/gcc/arm-none-eabi/11.3.1/../../../../arm-none-eabi/lib/thumb/v7e-m+fp/hard\libc_nano.a
LOAD D:/STM32/STM32CubeIDE_1.13.0/STM32CubeIDE/plugins/com.st.stm32cube.ide.mcu.externaltools.gnu-tools-for-stm32.11.3.rel1.win32_1.1.0.202305231506/tools/bin/../lib/gcc/arm-none-eabi/11.3.1/../../../../arm-none-eabi/lib/thumb/v7e-m+fp/hard\libm.a
END GROUP
START GROUP
LOAD D:/STM32/STM32CubeIDE_1.13.0/STM32CubeIDE/plugins/com.st.stm32cube.ide.mcu.externaltools.gnu-tools-for-stm32.11.3.rel1.win32_1.1.0.202305231506/tools/bin/../lib/gcc/arm-none-eabi/11.3.1/thumb/v7e-m+fp/hard\libgcc.a
LOAD D:/STM32/STM32CubeIDE_1.13.0/STM32CubeIDE/plugins/com.st.stm32cube.ide.mcu.externaltools.gnu-tools-for-stm32.11.3.rel1.win32_1.1.0.202305231506/tools/bin/../lib/gcc/arm-none-eabi/11.3.1/../../../../arm-none-eabi/lib/thumb/v7e-m+fp/hard\libc_nano.a
END GROUP
START GROUP
LOAD D:/STM32/STM32CubeIDE_1.13.0/STM32CubeIDE/plugins/com.st.stm32cube.ide.mcu.externaltools.gnu-tools-for-stm32.11.3.rel1.win32_1.1.0.202305231506/tools/bin/../lib/gcc/arm-none-eabi/11.3.1/thumb/v7e-m+fp/hard\libgcc.a
LOAD D:/STM32/STM32CubeIDE_1.13.0/STM32CubeIDE/plugins/com.st.stm32cube.ide.mcu.externaltools.gnu-tools-for-stm32.11.3.rel1.win32_1.1.0.202305231506/tools/bin/../lib/gcc/arm-none-eabi/11.3.1/../../../../arm-none-eabi/lib/thumb/v7e-m+fp/hard\libc_nano.a
LOAD D:/STM32/STM32CubeIDE_1.13.0/STM32CubeIDE/plugins/com.st.stm32cube.ide.mcu.externaltools.gnu-tools-for-stm32.11.3.rel1.win32_1.1.0.202305231506/tools/bin/../lib/gcc/arm-none-eabi/11.3.1/../../../../arm-none-eabi/lib/thumb/v7e-m+fp/hard\libnosys.a
END GROUP
START GROUP
LOAD D:/STM32/STM32CubeIDE_1.13.0/STM32CubeIDE/plugins/com.st.stm32cube.ide.mcu.externaltools.gnu-tools-for-stm32.11.3.rel1.win32_1.1.0.202305231506/tools/bin/../lib/gcc/arm-none-eabi/11.3.1/thumb/v7e-m+fp/hard\libgcc.a
LOAD D:/STM32/STM32CubeIDE_1.13.0/STM32CubeIDE/plugins/com.st.stm32cube.ide.mcu.externaltools.gnu-tools-for-stm32.11.3.rel1.win32_1.1.0.202305231506/tools/bin/../lib/gcc/arm-none-eabi/11.3.1/../../../../arm-none-eabi/lib/thumb/v7e-m+fp/hard\libc_nano.a
LOAD D:/STM32/STM32CubeIDE_1.13.0/STM32CubeIDE/plugins/com.st.stm32cube.ide.mcu.externaltools.gnu-tools-for-stm32.11.3.rel1.win32_1.1.0.202305231506/tools/bin/../lib/gcc/arm-none-eabi/11.3.1/../../../../arm-none-eabi/lib/thumb/v7e-m+fp/hard\libnosys.a
END GROUP
LOAD D:/STM32/STM32CubeIDE_1.13.0/STM32CubeIDE/plugins/com.st.stm32cube.ide.mcu.externaltools.gnu-tools-for-stm32.11.3.rel1.win32_1.1.0.202305231506/tools/bin/../lib/gcc/arm-none-eabi/11.3.1/thumb/v7e-m+fp/hard/crtend.o
LOAD D:/STM32/STM32CubeIDE_1.13.0/STM32CubeIDE/plugins/com.st.stm32cube.ide.mcu.externaltools.gnu-tools-for-stm32.11.3.rel1.win32_1.1.0.202305231506/tools/bin/../lib/gcc/arm-none-eabi/11.3.1/thumb/v7e-m+fp/hard/crtn.o
                0x0000000020018000                _estack = (ORIGIN (RAM) + LENGTH (RAM))
                0x0000000000002000                _Min_Heap_Size = 0x2000
                0x0000000000000400                _Min_Stack_Size = 0x400

.isr_vector     0x0000000008000000      0x188
                0x0000000008000000                . = ALIGN (0x4)
 *(.isr_vector)
 .isr_vector    0x0000000008000000      0x188 ./Core/Startup/startup_stm32l476rgtx.o
                0x0000000008000000                g_pfnVectors
                0x0000000008000188                . = ALIGN (0x4)

.text           0x0000000008000190     0xaf9c
                0x0000000008000190                . = ALIGN (0x4)
 *(.text)
 .text          0x0000000008000190       0x40 D:/STM32/STM32CubeIDE_1.13.0/STM32CubeIDE/plugins/com.st.stm32cube.ide.mcu.externaltools.gnu-tools-for-stm32.11.3.rel1.win32_1.1.0.202305231506/tools/bin/../lib/gcc/arm-none-eabi/11.3.1/thumb/v7e-m+fp/hard/crtbegin.o
 .text          0x00000000080001d0       0xa0 D:/STM32/STM32CubeIDE_1.13.0/STM32CubeIDE/plugins/com.st.stm32cube.ide.mcu.externaltools.gnu-tools-for-stm32.11.3.rel1.win32_1.1.0.202305231506/tools/bin/../lib/gcc/arm-none-eabi/11.3.1/../../../../arm-none-eabi/lib/thumb/v7e-m+fp/hard\libc_nano.a(libc_a-memchr.o)
                0x00000000080001d0                memchr
 .text          0x0000000008000270       0x30 D:/STM32/STM32CubeIDE_1.13.0/STM32CubeIDE/plugins/com.st.stm32cube.ide.mcu.externaltools.gnu-tools-for-stm32.11.3.rel1.win32_1.1.0.202305231506/tools/bin/../lib/gcc/arm-none-eabi/11.3.1/thumb/v7e-m+fp/hard\libgcc.a(_aeabi_uldivmod.o)
                0x0000000008000270                __aeabi_uldivmod
 .text          0x00000000080002a0      0x2c8 D:/STM32/STM32CubeIDE_1.13.0/STM32CubeIDE/plugins/com.st.stm32cube.ide.mcu.externaltools.gnu-tools-for-stm32.11.3.rel1.win32_1.1.0.202305231506/tools/bin/../lib/gcc/arm-none-eabi/11.3.1/thumb/v7e-m+fp/hard\libgcc.a(_udivmoddi4.o)
                0x00000000080002a0                __udivmoddi4
 .text          0x0000000008000568        0x4 D:/STM32/STM32CubeIDE_1.13.0/STM32CubeIDE/plugins/com.st.stm32cube.ide.mcu.externaltools.gnu-tools-for-stm32.11.3.rel1.win32_1.1.0.202305231506/tools/bin/../lib/gcc/arm-none-eabi/11.3.1/thumb/v7e-m+fp/hard\libgcc.a(_dvmd_tls.o)
                0x0000000008000568                __aeabi_idiv0
                0x0000000008000568                __aeabi_ldiv0
 *(.text*)
 .text.MX_CAN1_Init
                0x000000000800056c       0x68 ./Core/Src/can.o
                0x000000000800056c                MX_CAN1_Init
 .text.HAL_CAN_MspInit
                0x00000000080005d4       0x88 ./Core/Src/can.o
                0x00000000080005d4                HAL_CAN_MspInit
 .text.MX_GPIO_Init
                0x000000000800065c      0x124 ./Core/Src/gpio.o
                0x000000000800065c                MX_GPIO_Init
 .text.MX_I2C1_Init
                0x0000000008000780       0x80 ./Core/Src/i2c.o
                0x0000000008000780                MX_I2C1_Init
 .text.HAL_I2C_MspInit
                0x0000000008000800       0xbc ./Core/Src/i2c.o
                0x0000000008000800                HAL_I2C_MspInit
 .text._write   0x00000000080008bc       0x44 ./Core/Src/main.o
                0x00000000080008bc                _write
 .text.main     0x0000000008000900       0x7c ./Core/Src/main.o
                0x0000000008000900                main
 .text.SystemClock_Config
                0x000000000800097c       0xc4 ./Core/Src/main.o
                0x000000000800097c                SystemClock_Config
 .text.Error_Handler
                0x0000000008000a40        0xa ./Core/Src/main.o
                0x0000000008000a40                Error_Handler
 *fill*         0x0000000008000a4a        0x2 
 .text.MX_QUADSPI_Init
                0x0000000008000a4c       0x4c ./Core/Src/quadspi.o
                0x0000000008000a4c                MX_QUADSPI_Init
 .text.HAL_QSPI_MspInit
                0x0000000008000a98       0xc4 ./Core/Src/quadspi.o
                0x0000000008000a98                HAL_QSPI_MspInit
 .text.HAL_QSPI_MspDeInit
                0x0000000008000b5c       0x48 ./Core/Src/quadspi.o
                0x0000000008000b5c                HAL_QSPI_MspDeInit
 .text.CSP_QUADSPI_Init
                0x0000000008000ba4       0x6c ./Core/Src/quadspi.o
                0x0000000008000ba4                CSP_QUADSPI_Init
 .text.QSPI_AutoPollingMemReady
                0x0000000008000c10       0x70 ./Core/Src/quadspi.o
 .text.QSPI_WriteEnable
                0x0000000008000c80       0x94 ./Core/Src/quadspi.o
 .text.QSPI_Configuration
                0x0000000008000d14      0x154 ./Core/Src/quadspi.o
 .text.QSPI_Read
                0x0000000008000e68       0x88 ./Core/Src/quadspi.o
 .text.CSP_QSPI_WriteMemory
                0x0000000008000ef0      0x118 ./Core/Src/quadspi.o
                0x0000000008000ef0                CSP_QSPI_WriteMemory
 .text.QSPI_ResetChip
                0x0000000008001008      0x204 ./Core/Src/quadspi.o
 .text.CSP_QSPI_Read
                0x000000000800120c       0x22 ./Core/Src/quadspi.o
                0x000000000800120c                CSP_QSPI_Read
 *fill*         0x000000000800122e        0x2 
 .text.HAL_MspInit
                0x0000000008001230       0x48 ./Core/Src/stm32l4xx_hal_msp.o
                0x0000000008001230                HAL_MspInit
 .text.NMI_Handler
                0x0000000008001278        0x6 ./Core/Src/stm32l4xx_it.o
                0x0000000008001278                NMI_Handler
 .text.HardFault_Handler
                0x000000000800127e        0x6 ./Core/Src/stm32l4xx_it.o
                0x000000000800127e                HardFault_Handler
 .text.MemManage_Handler
                0x0000000008001284        0x6 ./Core/Src/stm32l4xx_it.o
                0x0000000008001284                MemManage_Handler
 .text.BusFault_Handler
                0x000000000800128a        0x6 ./Core/Src/stm32l4xx_it.o
                0x000000000800128a                BusFault_Handler
 .text.UsageFault_Handler
                0x0000000008001290        0x6 ./Core/Src/stm32l4xx_it.o
                0x0000000008001290                UsageFault_Handler
 .text.SVC_Handler
                0x0000000008001296        0xe ./Core/Src/stm32l4xx_it.o
                0x0000000008001296                SVC_Handler
 .text.DebugMon_Handler
                0x00000000080012a4        0xe ./Core/Src/stm32l4xx_it.o
                0x00000000080012a4                DebugMon_Handler
 .text.PendSV_Handler
                0x00000000080012b2        0xe ./Core/Src/stm32l4xx_it.o
                0x00000000080012b2                PendSV_Handler
 .text.SysTick_Handler
                0x00000000080012c0        0xc ./Core/Src/stm32l4xx_it.o
                0x00000000080012c0                SysTick_Handler
 .text.EXTI9_5_IRQHandler
                0x00000000080012cc        0xe ./Core/Src/stm32l4xx_it.o
                0x00000000080012cc                EXTI9_5_IRQHandler
 *fill*         0x00000000080012da        0x2 
 .text.OTG_FS_IRQHandler
                0x00000000080012dc       0x14 ./Core/Src/stm32l4xx_it.o
                0x00000000080012dc                OTG_FS_IRQHandler
 .text._read    0x00000000080012f0       0x3a ./Core/Src/syscalls.o
                0x00000000080012f0                _read
 .text._close   0x000000000800132a       0x18 ./Core/Src/syscalls.o
                0x000000000800132a                _close
 .text._fstat   0x0000000008001342       0x20 ./Core/Src/syscalls.o
                0x0000000008001342                _fstat
 .text._isatty  0x0000000008001362       0x16 ./Core/Src/syscalls.o
                0x0000000008001362                _isatty
 .text._lseek   0x0000000008001378       0x1a ./Core/Src/syscalls.o
                0x0000000008001378                _lseek
 *fill*         0x0000000008001392        0x2 
 .text._sbrk    0x0000000008001394       0x6c ./Core/Src/sysmem.o
                0x0000000008001394                _sbrk
 .text.SystemInit
                0x0000000008001400       0x24 ./Core/Src/system_stm32l4xx.o
                0x0000000008001400                SystemInit
 .text.MX_USART2_UART_Init
                0x0000000008001424       0x60 ./Core/Src/usart.o
                0x0000000008001424                MX_USART2_UART_Init
 .text.HAL_UART_MspInit
                0x0000000008001484       0xb8 ./Core/Src/usart.o
                0x0000000008001484                HAL_UART_MspInit
 .text.Reset_Handler
                0x000000000800153c       0x50 ./Core/Startup/startup_stm32l476rgtx.o
                0x000000000800153c                Reset_Handler
 .text.Default_Handler
                0x000000000800158c        0x2 ./Core/Startup/startup_stm32l476rgtx.o
                0x000000000800158c                RTC_Alarm_IRQHandler
                0x000000000800158c                EXTI2_IRQHandler
                0x000000000800158c                TIM8_TRG_COM_IRQHandler
                0x000000000800158c                TIM8_CC_IRQHandler
                0x000000000800158c                TIM1_CC_IRQHandler
                0x000000000800158c                TSC_IRQHandler
                0x000000000800158c                TAMP_STAMP_IRQHandler
                0x000000000800158c                EXTI3_IRQHandler
                0x000000000800158c                LPTIM2_IRQHandler
                0x000000000800158c                DFSDM1_FLT1_IRQHandler
                0x000000000800158c                I2C3_ER_IRQHandler
                0x000000000800158c                DFSDM1_FLT2_IRQHandler
                0x000000000800158c                EXTI0_IRQHandler
                0x000000000800158c                I2C2_EV_IRQHandler
                0x000000000800158c                CAN1_RX0_IRQHandler
                0x000000000800158c                FPU_IRQHandler
                0x000000000800158c                TIM1_UP_TIM16_IRQHandler
                0x000000000800158c                ADC1_2_IRQHandler
                0x000000000800158c                SPI1_IRQHandler
                0x000000000800158c                TIM6_DAC_IRQHandler
                0x000000000800158c                TIM8_UP_IRQHandler
                0x000000000800158c                DMA2_Channel2_IRQHandler
                0x000000000800158c                DMA1_Channel4_IRQHandler
                0x000000000800158c                SAI2_IRQHandler
                0x000000000800158c                DFSDM1_FLT3_IRQHandler
                0x000000000800158c                USART3_IRQHandler
                0x000000000800158c                DMA1_Channel7_IRQHandler
                0x000000000800158c                CAN1_RX1_IRQHandler
                0x000000000800158c                LCD_IRQHandler
                0x000000000800158c                UART5_IRQHandler
                0x000000000800158c                ADC3_IRQHandler
                0x000000000800158c                TIM4_IRQHandler
                0x000000000800158c                DMA2_Channel1_IRQHandler
                0x000000000800158c                QUADSPI_IRQHandler
                0x000000000800158c                I2C1_EV_IRQHandler
                0x000000000800158c                DMA1_Channel6_IRQHandler
                0x000000000800158c                UART4_IRQHandler
                0x000000000800158c                DMA2_Channel4_IRQHandler
                0x000000000800158c                TIM3_IRQHandler
                0x000000000800158c                RCC_IRQHandler
                0x000000000800158c                DMA1_Channel1_IRQHandler
                0x000000000800158c                Default_Handler
                0x000000000800158c                DMA2_Channel7_IRQHandler
                0x000000000800158c                EXTI15_10_IRQHandler
                0x000000000800158c                TIM7_IRQHandler
                0x000000000800158c                SDMMC1_IRQHandler
                0x000000000800158c                TIM5_IRQHandler
                0x000000000800158c                I2C3_EV_IRQHandler
                0x000000000800158c                RTC_WKUP_IRQHandler
                0x000000000800158c                PVD_PVM_IRQHandler
                0x000000000800158c                SPI2_IRQHandler
                0x000000000800158c                CAN1_TX_IRQHandler
                0x000000000800158c                DMA2_Channel5_IRQHandler
                0x000000000800158c                DMA1_Channel5_IRQHandler
                0x000000000800158c                EXTI4_IRQHandler
                0x000000000800158c                RNG_IRQHandler
                0x000000000800158c                TIM1_TRG_COM_TIM17_IRQHandler
                0x000000000800158c                DMA1_Channel3_IRQHandler
                0x000000000800158c                COMP_IRQHandler
                0x000000000800158c                WWDG_IRQHandler
                0x000000000800158c                LPUART1_IRQHandler
                0x000000000800158c                DMA2_Channel6_IRQHandler
                0x000000000800158c                TIM2_IRQHandler
                0x000000000800158c                EXTI1_IRQHandler
                0x000000000800158c                USART2_IRQHandler
                0x000000000800158c                DFSDM1_FLT0_IRQHandler
                0x000000000800158c                I2C2_ER_IRQHandler
                0x000000000800158c                DMA1_Channel2_IRQHandler
                0x000000000800158c                TIM8_BRK_IRQHandler
                0x000000000800158c                CAN1_SCE_IRQHandler
                0x000000000800158c                FLASH_IRQHandler
                0x000000000800158c                USART1_IRQHandler
                0x000000000800158c                SPI3_IRQHandler
                0x000000000800158c                I2C1_ER_IRQHandler
                0x000000000800158c                FMC_IRQHandler
                0x000000000800158c                SWPMI1_IRQHandler
                0x000000000800158c                LPTIM1_IRQHandler
                0x000000000800158c                SAI1_IRQHandler
                0x000000000800158c                DMA2_Channel3_IRQHandler
                0x000000000800158c                TIM1_BRK_TIM15_IRQHandler
 .text.HAL_Init
                0x000000000800158e       0x30 ./Drivers/STM32L4xx_HAL_Driver/Src/stm32l4xx_hal.o
                0x000000000800158e                HAL_Init
 *fill*         0x00000000080015be        0x2 
 .text.HAL_InitTick
                0x00000000080015c0       0x78 ./Drivers/STM32L4xx_HAL_Driver/Src/stm32l4xx_hal.o
                0x00000000080015c0                HAL_InitTick
 .text.HAL_IncTick
                0x0000000008001638       0x28 ./Drivers/STM32L4xx_HAL_Driver/Src/stm32l4xx_hal.o
                0x0000000008001638                HAL_IncTick
 .text.HAL_GetTick
                0x0000000008001660       0x18 ./Drivers/STM32L4xx_HAL_Driver/Src/stm32l4xx_hal.o
                0x0000000008001660                HAL_GetTick
 .text.HAL_Delay
                0x0000000008001678       0x48 ./Drivers/STM32L4xx_HAL_Driver/Src/stm32l4xx_hal.o
                0x0000000008001678                HAL_Delay
 .text.HAL_CAN_Init
                0x00000000080016c0      0x1f6 ./Drivers/STM32L4xx_HAL_Driver/Src/stm32l4xx_hal_can.o
                0x00000000080016c0                HAL_CAN_Init
 *fill*         0x00000000080018b6        0x2 
 .text.__NVIC_SetPriorityGrouping
                0x00000000080018b8       0x48 ./Drivers/STM32L4xx_HAL_Driver/Src/stm32l4xx_hal_cortex.o
 .text.__NVIC_GetPriorityGrouping
                0x0000000008001900       0x1c ./Drivers/STM32L4xx_HAL_Driver/Src/stm32l4xx_hal_cortex.o
 .text.__NVIC_EnableIRQ
                0x000000000800191c       0x3c ./Drivers/STM32L4xx_HAL_Driver/Src/stm32l4xx_hal_cortex.o
 .text.__NVIC_SetPriority
                0x0000000008001958       0x54 ./Drivers/STM32L4xx_HAL_Driver/Src/stm32l4xx_hal_cortex.o
 .text.NVIC_EncodePriority
                0x00000000080019ac       0x66 ./Drivers/STM32L4xx_HAL_Driver/Src/stm32l4xx_hal_cortex.o
 *fill*         0x0000000008001a12        0x2 
 .text.SysTick_Config
                0x0000000008001a14       0x44 ./Drivers/STM32L4xx_HAL_Driver/Src/stm32l4xx_hal_cortex.o
 .text.HAL_NVIC_SetPriorityGrouping
                0x0000000008001a58       0x16 ./Drivers/STM32L4xx_HAL_Driver/Src/stm32l4xx_hal_cortex.o
                0x0000000008001a58                HAL_NVIC_SetPriorityGrouping
 .text.HAL_NVIC_SetPriority
                0x0000000008001a6e       0x38 ./Drivers/STM32L4xx_HAL_Driver/Src/stm32l4xx_hal_cortex.o
                0x0000000008001a6e                HAL_NVIC_SetPriority
 .text.HAL_NVIC_EnableIRQ
                0x0000000008001aa6       0x1c ./Drivers/STM32L4xx_HAL_Driver/Src/stm32l4xx_hal_cortex.o
                0x0000000008001aa6                HAL_NVIC_EnableIRQ
 .text.HAL_SYSTICK_Config
                0x0000000008001ac2       0x18 ./Drivers/STM32L4xx_HAL_Driver/Src/stm32l4xx_hal_cortex.o
                0x0000000008001ac2                HAL_SYSTICK_Config
 .text.HAL_DMA_Abort
                0x0000000008001ada       0x7c ./Drivers/STM32L4xx_HAL_Driver/Src/stm32l4xx_hal_dma.o
                0x0000000008001ada                HAL_DMA_Abort
 *fill*         0x0000000008001b56        0x2 
 .text.HAL_GPIO_Init
                0x0000000008001b58      0x354 ./Drivers/STM32L4xx_HAL_Driver/Src/stm32l4xx_hal_gpio.o
                0x0000000008001b58                HAL_GPIO_Init
 .text.HAL_GPIO_DeInit
                0x0000000008001eac      0x1e8 ./Drivers/STM32L4xx_HAL_Driver/Src/stm32l4xx_hal_gpio.o
                0x0000000008001eac                HAL_GPIO_DeInit
 .text.HAL_GPIO_WritePin
                0x0000000008002094       0x30 ./Drivers/STM32L4xx_HAL_Driver/Src/stm32l4xx_hal_gpio.o
                0x0000000008002094                HAL_GPIO_WritePin
 .text.HAL_GPIO_EXTI_IRQHandler
                0x00000000080020c4       0x30 ./Drivers/STM32L4xx_HAL_Driver/Src/stm32l4xx_hal_gpio.o
                0x00000000080020c4                HAL_GPIO_EXTI_IRQHandler
 .text.HAL_GPIO_EXTI_Callback
                0x00000000080020f4       0x16 ./Drivers/STM32L4xx_HAL_Driver/Src/stm32l4xx_hal_gpio.o
                0x00000000080020f4                HAL_GPIO_EXTI_Callback
 .text.HAL_I2C_Init
                0x000000000800210a      0x136 ./Drivers/STM32L4xx_HAL_Driver/Src/stm32l4xx_hal_i2c.o
                0x000000000800210a                HAL_I2C_Init
 .text.HAL_I2CEx_ConfigAnalogFilter
                0x0000000008002240       0x96 ./Drivers/STM32L4xx_HAL_Driver/Src/stm32l4xx_hal_i2c_ex.o
                0x0000000008002240                HAL_I2CEx_ConfigAnalogFilter
 .text.HAL_I2CEx_ConfigDigitalFilter
                0x00000000080022d6       0x98 ./Drivers/STM32L4xx_HAL_Driver/Src/stm32l4xx_hal_i2c_ex.o
                0x00000000080022d6                HAL_I2CEx_ConfigDigitalFilter
 .text.HAL_PCD_Init
                0x000000000800236e      0x248 ./Drivers/STM32L4xx_HAL_Driver/Src/stm32l4xx_hal_pcd.o
                0x000000000800236e                HAL_PCD_Init
 .text.HAL_PCD_Start
                0x00000000080025b6       0x5e ./Drivers/STM32L4xx_HAL_Driver/Src/stm32l4xx_hal_pcd.o
                0x00000000080025b6                HAL_PCD_Start
 .text.HAL_PCD_IRQHandler
                0x0000000008002614      0x926 ./Drivers/STM32L4xx_HAL_Driver/Src/stm32l4xx_hal_pcd.o
                0x0000000008002614                HAL_PCD_IRQHandler
 .text.HAL_PCD_SetAddress
                0x0000000008002f3a       0x4a ./Drivers/STM32L4xx_HAL_Driver/Src/stm32l4xx_hal_pcd.o
                0x0000000008002f3a                HAL_PCD_SetAddress
 .text.HAL_PCD_EP_Open
                0x0000000008002f84       0xd0 ./Drivers/STM32L4xx_HAL_Driver/Src/stm32l4xx_hal_pcd.o
                0x0000000008002f84                HAL_PCD_EP_Open
 .text.HAL_PCD_EP_Close
                0x0000000008003054       0x94 ./Drivers/STM32L4xx_HAL_Driver/Src/stm32l4xx_hal_pcd.o
                0x0000000008003054                HAL_PCD_EP_Close
 .text.HAL_PCD_EP_Receive
                0x00000000080030e8       0x64 ./Drivers/STM32L4xx_HAL_Driver/Src/stm32l4xx_hal_pcd.o
                0x00000000080030e8                HAL_PCD_EP_Receive
 .text.HAL_PCD_EP_GetRxCount
                0x000000000800314c       0x30 ./Drivers/STM32L4xx_HAL_Driver/Src/stm32l4xx_hal_pcd.o
                0x000000000800314c                HAL_PCD_EP_GetRxCount
 .text.HAL_PCD_EP_Transmit
                0x000000000800317c       0x62 ./Drivers/STM32L4xx_HAL_Driver/Src/stm32l4xx_hal_pcd.o
                0x000000000800317c                HAL_PCD_EP_Transmit
 .text.HAL_PCD_EP_SetStall
                0x00000000080031de       0xc4 ./Drivers/STM32L4xx_HAL_Driver/Src/stm32l4xx_hal_pcd.o
                0x00000000080031de                HAL_PCD_EP_SetStall
 .text.HAL_PCD_EP_ClrStall
                0x00000000080032a2       0xac ./Drivers/STM32L4xx_HAL_Driver/Src/stm32l4xx_hal_pcd.o
                0x00000000080032a2                HAL_PCD_EP_ClrStall
 .text.HAL_PCD_EP_Abort
                0x000000000800334e       0x62 ./Drivers/STM32L4xx_HAL_Driver/Src/stm32l4xx_hal_pcd.o
                0x000000000800334e                HAL_PCD_EP_Abort
 .text.PCD_WriteEmptyTxFifo
                0x00000000080033b0      0x110 ./Drivers/STM32L4xx_HAL_Driver/Src/stm32l4xx_hal_pcd.o
 .text.PCD_EP_OutXfrComplete_int
                0x00000000080034c0       0x9c ./Drivers/STM32L4xx_HAL_Driver/Src/stm32l4xx_hal_pcd.o
 .text.PCD_EP_OutSetupPacket_int
                0x000000000800355c       0x68 ./Drivers/STM32L4xx_HAL_Driver/Src/stm32l4xx_hal_pcd.o
 .text.HAL_PCDEx_SetTxFiFo
                0x00000000080035c4       0x8e ./Drivers/STM32L4xx_HAL_Driver/Src/stm32l4xx_hal_pcd_ex.o
                0x00000000080035c4                HAL_PCDEx_SetTxFiFo
 .text.HAL_PCDEx_SetRxFiFo
                0x0000000008003652       0x22 ./Drivers/STM32L4xx_HAL_Driver/Src/stm32l4xx_hal_pcd_ex.o
                0x0000000008003652                HAL_PCDEx_SetRxFiFo
 .text.HAL_PCDEx_ActivateLPM
                0x0000000008003674       0x48 ./Drivers/STM32L4xx_HAL_Driver/Src/stm32l4xx_hal_pcd_ex.o
                0x0000000008003674                HAL_PCDEx_ActivateLPM
 .text.HAL_PWR_EnableBkUpAccess
                0x00000000080036bc       0x20 ./Drivers/STM32L4xx_HAL_Driver/Src/stm32l4xx_hal_pwr.o
                0x00000000080036bc                HAL_PWR_EnableBkUpAccess
 .text.HAL_PWREx_GetVoltageRange
                0x00000000080036dc       0x1c ./Drivers/STM32L4xx_HAL_Driver/Src/stm32l4xx_hal_pwr_ex.o
                0x00000000080036dc                HAL_PWREx_GetVoltageRange
 .text.HAL_PWREx_ControlVoltageScaling
                0x00000000080036f8       0xac ./Drivers/STM32L4xx_HAL_Driver/Src/stm32l4xx_hal_pwr_ex.o
                0x00000000080036f8                HAL_PWREx_ControlVoltageScaling
 .text.HAL_PWREx_EnableVddUSB
                0x00000000080037a4       0x20 ./Drivers/STM32L4xx_HAL_Driver/Src/stm32l4xx_hal_pwr_ex.o
                0x00000000080037a4                HAL_PWREx_EnableVddUSB
 .text.HAL_QSPI_Init
                0x00000000080037c4       0xec ./Drivers/STM32L4xx_HAL_Driver/Src/stm32l4xx_hal_qspi.o
                0x00000000080037c4                HAL_QSPI_Init
 .text.HAL_QSPI_DeInit
                0x00000000080038b0       0x48 ./Drivers/STM32L4xx_HAL_Driver/Src/stm32l4xx_hal_qspi.o
                0x00000000080038b0                HAL_QSPI_DeInit
 .text.HAL_QSPI_Command
                0x00000000080038f8       0xbc ./Drivers/STM32L4xx_HAL_Driver/Src/stm32l4xx_hal_qspi.o
                0x00000000080038f8                HAL_QSPI_Command
 .text.HAL_QSPI_Transmit
                0x00000000080039b4      0x12e ./Drivers/STM32L4xx_HAL_Driver/Src/stm32l4xx_hal_qspi.o
                0x00000000080039b4                HAL_QSPI_Transmit
 .text.HAL_QSPI_Receive
                0x0000000008003ae2      0x144 ./Drivers/STM32L4xx_HAL_Driver/Src/stm32l4xx_hal_qspi.o
                0x0000000008003ae2                HAL_QSPI_Receive
 .text.HAL_QSPI_AutoPolling
                0x0000000008003c26       0xee ./Drivers/STM32L4xx_HAL_Driver/Src/stm32l4xx_hal_qspi.o
                0x0000000008003c26                HAL_QSPI_AutoPolling
 .text.HAL_QSPI_Abort
                0x0000000008003d14       0xf2 ./Drivers/STM32L4xx_HAL_Driver/Src/stm32l4xx_hal_qspi.o
                0x0000000008003d14                HAL_QSPI_Abort
 .text.HAL_QSPI_SetTimeout
                0x0000000008003e06       0x1c ./Drivers/STM32L4xx_HAL_Driver/Src/stm32l4xx_hal_qspi.o
                0x0000000008003e06                HAL_QSPI_SetTimeout
 .text.QSPI_WaitFlagStateUntilTimeout
                0x0000000008003e22       0x6e ./Drivers/STM32L4xx_HAL_Driver/Src/stm32l4xx_hal_qspi.o
 .text.QSPI_Config
                0x0000000008003e90      0x30c ./Drivers/STM32L4xx_HAL_Driver/Src/stm32l4xx_hal_qspi.o
 .text.HAL_RCC_OscConfig
                0x000000000800419c      0x7b8 ./Drivers/STM32L4xx_HAL_Driver/Src/stm32l4xx_hal_rcc.o
                0x000000000800419c                HAL_RCC_OscConfig
 .text.HAL_RCC_ClockConfig
                0x0000000008004954      0x200 ./Drivers/STM32L4xx_HAL_Driver/Src/stm32l4xx_hal_rcc.o
                0x0000000008004954                HAL_RCC_ClockConfig
 .text.HAL_RCC_GetSysClockFreq
                0x0000000008004b54      0x118 ./Drivers/STM32L4xx_HAL_Driver/Src/stm32l4xx_hal_rcc.o
                0x0000000008004b54                HAL_RCC_GetSysClockFreq
 .text.HAL_RCC_GetHCLKFreq
                0x0000000008004c6c       0x18 ./Drivers/STM32L4xx_HAL_Driver/Src/stm32l4xx_hal_rcc.o
                0x0000000008004c6c                HAL_RCC_GetHCLKFreq
 .text.HAL_RCC_GetPCLK1Freq
                0x0000000008004c84       0x2c ./Drivers/STM32L4xx_HAL_Driver/Src/stm32l4xx_hal_rcc.o
                0x0000000008004c84                HAL_RCC_GetPCLK1Freq
 .text.HAL_RCC_GetPCLK2Freq
                0x0000000008004cb0       0x2c ./Drivers/STM32L4xx_HAL_Driver/Src/stm32l4xx_hal_rcc.o
                0x0000000008004cb0                HAL_RCC_GetPCLK2Freq
 .text.RCC_SetFlashLatencyFromMSIRange
                0x0000000008004cdc       0xc0 ./Drivers/STM32L4xx_HAL_Driver/Src/stm32l4xx_hal_rcc.o
 .text.HAL_RCCEx_PeriphCLKConfig
                0x0000000008004d9c      0x5d4 ./Drivers/STM32L4xx_HAL_Driver/Src/stm32l4xx_hal_rcc_ex.o
                0x0000000008004d9c                HAL_RCCEx_PeriphCLKConfig
 .text.HAL_RCCEx_EnableMSIPLLMode
                0x0000000008005370       0x20 ./Drivers/STM32L4xx_HAL_Driver/Src/stm32l4xx_hal_rcc_ex.o
                0x0000000008005370                HAL_RCCEx_EnableMSIPLLMode
 .text.RCCEx_PLLSAI1_Config
                0x0000000008005390      0x1e8 ./Drivers/STM32L4xx_HAL_Driver/Src/stm32l4xx_hal_rcc_ex.o
 .text.RCCEx_PLLSAI2_Config
                0x0000000008005578      0x1bc ./Drivers/STM32L4xx_HAL_Driver/Src/stm32l4xx_hal_rcc_ex.o
 .text.HAL_UART_Init
                0x0000000008005734       0x9c ./Drivers/STM32L4xx_HAL_Driver/Src/stm32l4xx_hal_uart.o
                0x0000000008005734                HAL_UART_Init
 .text.UART_SetConfig
                0x00000000080057d0      0x570 ./Drivers/STM32L4xx_HAL_Driver/Src/stm32l4xx_hal_uart.o
                0x00000000080057d0                UART_SetConfig
 .text.UART_AdvFeatureConfig
                0x0000000008005d40      0x144 ./Drivers/STM32L4xx_HAL_Driver/Src/stm32l4xx_hal_uart.o
                0x0000000008005d40                UART_AdvFeatureConfig
 .text.UART_CheckIdleState
                0x0000000008005e84      0x150 ./Drivers/STM32L4xx_HAL_Driver/Src/stm32l4xx_hal_uart.o
                0x0000000008005e84                UART_CheckIdleState
 .text.UART_WaitOnFlagUntilTimeout
                0x0000000008005fd4       0xce ./Drivers/STM32L4xx_HAL_Driver/Src/stm32l4xx_hal_uart.o
                0x0000000008005fd4                UART_WaitOnFlagUntilTimeout
 .text.UART_EndRxTransfer
                0x00000000080060a2       0xc8 ./Drivers/STM32L4xx_HAL_Driver/Src/stm32l4xx_hal_uart.o
 .text.USB_CoreInit
                0x000000000800616a       0x58 ./Drivers/STM32L4xx_HAL_Driver/Src/stm32l4xx_ll_usb.o
                0x000000000800616a                USB_CoreInit
 *fill*         0x00000000080061c2        0x2 
 .text.USB_SetTurnaroundTime
                0x00000000080061c4      0x138 ./Drivers/STM32L4xx_HAL_Driver/Src/stm32l4xx_ll_usb.o
                0x00000000080061c4                USB_SetTurnaroundTime
 .text.USB_EnableGlobalInt
                0x00000000080062fc       0x22 ./Drivers/STM32L4xx_HAL_Driver/Src/stm32l4xx_ll_usb.o
                0x00000000080062fc                USB_EnableGlobalInt
 .text.USB_DisableGlobalInt
                0x000000000800631e       0x22 ./Drivers/STM32L4xx_HAL_Driver/Src/stm32l4xx_ll_usb.o
                0x000000000800631e                USB_DisableGlobalInt
 .text.USB_SetCurrentMode
                0x0000000008006340       0x98 ./Drivers/STM32L4xx_HAL_Driver/Src/stm32l4xx_ll_usb.o
                0x0000000008006340                USB_SetCurrentMode
 .text.USB_DevInit
                0x00000000080063d8      0x284 ./Drivers/STM32L4xx_HAL_Driver/Src/stm32l4xx_ll_usb.o
                0x00000000080063d8                USB_DevInit
 .text.USB_FlushTxFifo
                0x000000000800665c       0x68 ./Drivers/STM32L4xx_HAL_Driver/Src/stm32l4xx_ll_usb.o
                0x000000000800665c                USB_FlushTxFifo
 .text.USB_FlushRxFifo
                0x00000000080066c4       0x60 ./Drivers/STM32L4xx_HAL_Driver/Src/stm32l4xx_ll_usb.o
                0x00000000080066c4                USB_FlushRxFifo
 .text.USB_SetDevSpeed
                0x0000000008006724       0x32 ./Drivers/STM32L4xx_HAL_Driver/Src/stm32l4xx_ll_usb.o
                0x0000000008006724                USB_SetDevSpeed
 .text.USB_GetDevSpeed
                0x0000000008006756       0x3e ./Drivers/STM32L4xx_HAL_Driver/Src/stm32l4xx_ll_usb.o
                0x0000000008006756                USB_GetDevSpeed
 .text.USB_ActivateEndpoint
                0x0000000008006794      0x10e ./Drivers/STM32L4xx_HAL_Driver/Src/stm32l4xx_ll_usb.o
                0x0000000008006794                USB_ActivateEndpoint
 *fill*         0x00000000080068a2        0x2 
 .text.USB_DeactivateEndpoint
                0x00000000080068a4      0x1b8 ./Drivers/STM32L4xx_HAL_Driver/Src/stm32l4xx_ll_usb.o
                0x00000000080068a4                USB_DeactivateEndpoint
 .text.USB_EPStartXfer
                0x0000000008006a5c      0x464 ./Drivers/STM32L4xx_HAL_Driver/Src/stm32l4xx_ll_usb.o
                0x0000000008006a5c                USB_EPStartXfer
 .text.USB_EPStopXfer
                0x0000000008006ec0      0x154 ./Drivers/STM32L4xx_HAL_Driver/Src/stm32l4xx_ll_usb.o
                0x0000000008006ec0                USB_EPStopXfer
 .text.USB_WritePacket
                0x0000000008007014       0x74 ./Drivers/STM32L4xx_HAL_Driver/Src/stm32l4xx_ll_usb.o
                0x0000000008007014                USB_WritePacket
 .text.USB_ReadPacket
                0x0000000008007088       0xb0 ./Drivers/STM32L4xx_HAL_Driver/Src/stm32l4xx_ll_usb.o
                0x0000000008007088                USB_ReadPacket
 .text.USB_EPSetStall
                0x0000000008007138       0xdc ./Drivers/STM32L4xx_HAL_Driver/Src/stm32l4xx_ll_usb.o
                0x0000000008007138                USB_EPSetStall
 .text.USB_EPClearStall
                0x0000000008007214       0xcc ./Drivers/STM32L4xx_HAL_Driver/Src/stm32l4xx_ll_usb.o
                0x0000000008007214                USB_EPClearStall
 .text.USB_SetDevAddress
                0x00000000080072e0       0x4c ./Drivers/STM32L4xx_HAL_Driver/Src/stm32l4xx_ll_usb.o
                0x00000000080072e0                USB_SetDevAddress
 .text.USB_DevConnect
                0x000000000800732c       0x42 ./Drivers/STM32L4xx_HAL_Driver/Src/stm32l4xx_ll_usb.o
                0x000000000800732c                USB_DevConnect
 .text.USB_DevDisconnect
                0x000000000800736e       0x42 ./Drivers/STM32L4xx_HAL_Driver/Src/stm32l4xx_ll_usb.o
                0x000000000800736e                USB_DevDisconnect
 .text.USB_ReadInterrupts
                0x00000000080073b0       0x26 ./Drivers/STM32L4xx_HAL_Driver/Src/stm32l4xx_ll_usb.o
                0x00000000080073b0                USB_ReadInterrupts
 .text.USB_ReadDevAllOutEpInterrupt
                0x00000000080073d6       0x34 ./Drivers/STM32L4xx_HAL_Driver/Src/stm32l4xx_ll_usb.o
                0x00000000080073d6                USB_ReadDevAllOutEpInterrupt
 .text.USB_ReadDevAllInEpInterrupt
                0x000000000800740a       0x34 ./Drivers/STM32L4xx_HAL_Driver/Src/stm32l4xx_ll_usb.o
                0x000000000800740a                USB_ReadDevAllInEpInterrupt
 .text.USB_ReadDevOutEPInterrupt
                0x000000000800743e       0x3c ./Drivers/STM32L4xx_HAL_Driver/Src/stm32l4xx_ll_usb.o
                0x000000000800743e                USB_ReadDevOutEPInterrupt
 .text.USB_ReadDevInEPInterrupt
                0x000000000800747a       0x5c ./Drivers/STM32L4xx_HAL_Driver/Src/stm32l4xx_ll_usb.o
                0x000000000800747a                USB_ReadDevInEPInterrupt
 .text.USB_GetMode
                0x00000000080074d6       0x1c ./Drivers/STM32L4xx_HAL_Driver/Src/stm32l4xx_ll_usb.o
                0x00000000080074d6                USB_GetMode
 .text.USB_ActivateSetup
                0x00000000080074f2       0x46 ./Drivers/STM32L4xx_HAL_Driver/Src/stm32l4xx_ll_usb.o
                0x00000000080074f2                USB_ActivateSetup
 .text.USB_EP0_OutStart
                0x0000000008007538       0x90 ./Drivers/STM32L4xx_HAL_Driver/Src/stm32l4xx_ll_usb.o
                0x0000000008007538                USB_EP0_OutStart
 .text.USB_CoreReset
                0x00000000080075c8       0x68 ./Drivers/STM32L4xx_HAL_Driver/Src/stm32l4xx_ll_usb.o
 .text.USBD_CDC_Init
                0x0000000008007630      0x1f0 ./Middlewares/ST/STM32_USB_Device_Library/Class/CDC/Src/usbd_cdc.o
 .text.USBD_CDC_DeInit
                0x0000000008007820      0x104 ./Middlewares/ST/STM32_USB_Device_Library/Class/CDC/Src/usbd_cdc.o
 .text.USBD_CDC_Setup
                0x0000000008007924      0x1b8 ./Middlewares/ST/STM32_USB_Device_Library/Class/CDC/Src/usbd_cdc.o
 .text.USBD_CDC_DataIn
                0x0000000008007adc       0xfe ./Middlewares/ST/STM32_USB_Device_Library/Class/CDC/Src/usbd_cdc.o
 .text.USBD_CDC_DataOut
                0x0000000008007bda       0x70 ./Middlewares/ST/STM32_USB_Device_Library/Class/CDC/Src/usbd_cdc.o
 .text.USBD_CDC_EP0_RxReady
                0x0000000008007c4a       0x76 ./Middlewares/ST/STM32_USB_Device_Library/Class/CDC/Src/usbd_cdc.o
 .text.USBD_CDC_GetFSCfgDesc
                0x0000000008007cc0       0x70 ./Middlewares/ST/STM32_USB_Device_Library/Class/CDC/Src/usbd_cdc.o
 .text.USBD_CDC_GetHSCfgDesc
                0x0000000008007d30       0x70 ./Middlewares/ST/STM32_USB_Device_Library/Class/CDC/Src/usbd_cdc.o
 .text.USBD_CDC_GetOtherSpeedCfgDesc
                0x0000000008007da0       0x70 ./Middlewares/ST/STM32_USB_Device_Library/Class/CDC/Src/usbd_cdc.o
 .text.USBD_CDC_GetDeviceQualifierDescriptor
                0x0000000008007e10       0x20 ./Middlewares/ST/STM32_USB_Device_Library/Class/CDC/Src/usbd_cdc.o
                0x0000000008007e10                USBD_CDC_GetDeviceQualifierDescriptor
 .text.USBD_CDC_RegisterInterface
                0x0000000008007e30       0x34 ./Middlewares/ST/STM32_USB_Device_Library/Class/CDC/Src/usbd_cdc.o
                0x0000000008007e30                USBD_CDC_RegisterInterface
 .text.USBD_CDC_SetTxBuffer
                0x0000000008007e64       0x44 ./Middlewares/ST/STM32_USB_Device_Library/Class/CDC/Src/usbd_cdc.o
                0x0000000008007e64                USBD_CDC_SetTxBuffer
 .text.USBD_CDC_SetRxBuffer
                0x0000000008007ea8       0x3a ./Middlewares/ST/STM32_USB_Device_Library/Class/CDC/Src/usbd_cdc.o
                0x0000000008007ea8                USBD_CDC_SetRxBuffer
 *fill*         0x0000000008007ee2        0x2 
 .text.USBD_CDC_TransmitPacket
                0x0000000008007ee4       0x80 ./Middlewares/ST/STM32_USB_Device_Library/Class/CDC/Src/usbd_cdc.o
                0x0000000008007ee4                USBD_CDC_TransmitPacket
 .text.USBD_CDC_ReceivePacket
                0x0000000008007f64       0x6c ./Middlewares/ST/STM32_USB_Device_Library/Class/CDC/Src/usbd_cdc.o
                0x0000000008007f64                USBD_CDC_ReceivePacket
 .text.USBD_Init
                0x0000000008007fd0       0x60 ./Middlewares/ST/STM32_USB_Device_Library/Core/Src/usbd_core.o
                0x0000000008007fd0                USBD_Init
 .text.USBD_RegisterClass
                0x0000000008008030       0x6c ./Middlewares/ST/STM32_USB_Device_Library/Core/Src/usbd_core.o
                0x0000000008008030                USBD_RegisterClass
 .text.USBD_Start
                0x000000000800809c       0x18 ./Middlewares/ST/STM32_USB_Device_Library/Core/Src/usbd_core.o
                0x000000000800809c                USBD_Start
 .text.USBD_RunTestMode
                0x00000000080080b4       0x16 ./Middlewares/ST/STM32_USB_Device_Library/Core/Src/usbd_core.o
                0x00000000080080b4                USBD_RunTestMode
 .text.USBD_SetClassConfig
                0x00000000080080ca       0x38 ./Middlewares/ST/STM32_USB_Device_Library/Core/Src/usbd_core.o
                0x00000000080080ca                USBD_SetClassConfig
 .text.USBD_ClrClassConfig
                0x0000000008008102       0x34 ./Middlewares/ST/STM32_USB_Device_Library/Core/Src/usbd_core.o
                0x0000000008008102                USBD_ClrClassConfig
 .text.USBD_LL_SetupStage
                0x0000000008008136       0xaa ./Middlewares/ST/STM32_USB_Device_Library/Core/Src/usbd_core.o
                0x0000000008008136                USBD_LL_SetupStage
 .text.USBD_LL_DataOutStage
                0x00000000080081e0      0x166 ./Middlewares/ST/STM32_USB_Device_Library/Core/Src/usbd_core.o
                0x00000000080081e0                USBD_LL_DataOutStage
 .text.USBD_LL_DataInStage
                0x0000000008008346      0x164 ./Middlewares/ST/STM32_USB_Device_Library/Core/Src/usbd_core.o
                0x0000000008008346                USBD_LL_DataInStage
 .text.USBD_LL_Reset
                0x00000000080084aa       0xa4 ./Middlewares/ST/STM32_USB_Device_Library/Core/Src/usbd_core.o
                0x00000000080084aa                USBD_LL_Reset
 .text.USBD_LL_SetSpeed
                0x000000000800854e       0x20 ./Middlewares/ST/STM32_USB_Device_Library/Core/Src/usbd_core.o
                0x000000000800854e                USBD_LL_SetSpeed
 .text.USBD_LL_Suspend
                0x000000000800856e       0x38 ./Middlewares/ST/STM32_USB_Device_Library/Core/Src/usbd_core.o
                0x000000000800856e                USBD_LL_Suspend
 .text.USBD_LL_Resume
                0x00000000080085a6       0x30 ./Middlewares/ST/STM32_USB_Device_Library/Core/Src/usbd_core.o
                0x00000000080085a6                USBD_LL_Resume
 .text.USBD_LL_SOF
                0x00000000080085d6       0x40 ./Middlewares/ST/STM32_USB_Device_Library/Core/Src/usbd_core.o
                0x00000000080085d6                USBD_LL_SOF
 .text.USBD_LL_IsoINIncomplete
                0x0000000008008616       0x64 ./Middlewares/ST/STM32_USB_Device_Library/Core/Src/usbd_core.o
                0x0000000008008616                USBD_LL_IsoINIncomplete
 .text.USBD_LL_IsoOUTIncomplete
                0x000000000800867a       0x64 ./Middlewares/ST/STM32_USB_Device_Library/Core/Src/usbd_core.o
                0x000000000800867a                USBD_LL_IsoOUTIncomplete
 .text.USBD_LL_DevConnected
                0x00000000080086de       0x16 ./Middlewares/ST/STM32_USB_Device_Library/Core/Src/usbd_core.o
                0x00000000080086de                USBD_LL_DevConnected
 .text.USBD_LL_DevDisconnected
                0x00000000080086f4       0x46 ./Middlewares/ST/STM32_USB_Device_Library/Core/Src/usbd_core.o
                0x00000000080086f4                USBD_LL_DevDisconnected
 .text.USBD_CoreFindIF
                0x000000000800873a       0x1a ./Middlewares/ST/STM32_USB_Device_Library/Core/Src/usbd_core.o
                0x000000000800873a                USBD_CoreFindIF
 .text.USBD_CoreFindEP
                0x0000000008008754       0x1a ./Middlewares/ST/STM32_USB_Device_Library/Core/Src/usbd_core.o
                0x0000000008008754                USBD_CoreFindEP
 .text.USBD_GetEpDesc
                0x000000000800876e       0x74 ./Middlewares/ST/STM32_USB_Device_Library/Core/Src/usbd_core.o
                0x000000000800876e                USBD_GetEpDesc
 .text.USBD_GetNextDesc
                0x00000000080087e2       0x3a ./Middlewares/ST/STM32_USB_Device_Library/Core/Src/usbd_core.o
                0x00000000080087e2                USBD_GetNextDesc
 .text.SWAPBYTE
                0x000000000800881c       0x3c ./Middlewares/ST/STM32_USB_Device_Library/Core/Src/usbd_ctlreq.o
 .text.USBD_StdDevReq
                0x0000000008008858       0xe4 ./Middlewares/ST/STM32_USB_Device_Library/Core/Src/usbd_ctlreq.o
                0x0000000008008858                USBD_StdDevReq
 .text.USBD_StdItfReq
                0x000000000800893c       0xd8 ./Middlewares/ST/STM32_USB_Device_Library/Core/Src/usbd_ctlreq.o
                0x000000000800893c                USBD_StdItfReq
 .text.USBD_StdEPReq
                0x0000000008008a14      0x33a ./Middlewares/ST/STM32_USB_Device_Library/Core/Src/usbd_ctlreq.o
                0x0000000008008a14                USBD_StdEPReq
 *fill*         0x0000000008008d4e        0x2 
 .text.USBD_GetDescriptor
                0x0000000008008d50      0x328 ./Middlewares/ST/STM32_USB_Device_Library/Core/Src/usbd_ctlreq.o
 .text.USBD_SetAddress
                0x0000000008009078       0x88 ./Middlewares/ST/STM32_USB_Device_Library/Core/Src/usbd_ctlreq.o
 .text.USBD_SetConfig
                0x0000000008009100      0x154 ./Middlewares/ST/STM32_USB_Device_Library/Core/Src/usbd_ctlreq.o
 .text.USBD_GetConfig
                0x0000000008009254       0x6c ./Middlewares/ST/STM32_USB_Device_Library/Core/Src/usbd_ctlreq.o
 .text.USBD_GetStatus
                0x00000000080092c0       0x68 ./Middlewares/ST/STM32_USB_Device_Library/Core/Src/usbd_ctlreq.o
 .text.USBD_SetFeature
                0x0000000008009328       0x52 ./Middlewares/ST/STM32_USB_Device_Library/Core/Src/usbd_ctlreq.o
 .text.USBD_ClrFeature
                0x000000000800937a       0x44 ./Middlewares/ST/STM32_USB_Device_Library/Core/Src/usbd_ctlreq.o
 .text.USBD_ParseSetupRequest
                0x00000000080093be       0x74 ./Middlewares/ST/STM32_USB_Device_Library/Core/Src/usbd_ctlreq.o
                0x00000000080093be                USBD_ParseSetupRequest
 .text.USBD_CtlError
                0x0000000008009432       0x22 ./Middlewares/ST/STM32_USB_Device_Library/Core/Src/usbd_ctlreq.o
                0x0000000008009432                USBD_CtlError
 .text.USBD_GetString
                0x0000000008009454       0x8c ./Middlewares/ST/STM32_USB_Device_Library/Core/Src/usbd_ctlreq.o
                0x0000000008009454                USBD_GetString
 .text.USBD_GetLen
                0x00000000080094e0       0x34 ./Middlewares/ST/STM32_USB_Device_Library/Core/Src/usbd_ctlreq.o
 .text.USBD_CtlSendData
                0x0000000008009514       0x36 ./Middlewares/ST/STM32_USB_Device_Library/Core/Src/usbd_ioreq.o
                0x0000000008009514                USBD_CtlSendData
 .text.USBD_CtlContinueSendData
                0x000000000800954a       0x22 ./Middlewares/ST/STM32_USB_Device_Library/Core/Src/usbd_ioreq.o
                0x000000000800954a                USBD_CtlContinueSendData
 .text.USBD_CtlPrepareRx
                0x000000000800956c       0x3a ./Middlewares/ST/STM32_USB_Device_Library/Core/Src/usbd_ioreq.o
                0x000000000800956c                USBD_CtlPrepareRx
 .text.USBD_CtlContinueRx
                0x00000000080095a6       0x22 ./Middlewares/ST/STM32_USB_Device_Library/Core/Src/usbd_ioreq.o
                0x00000000080095a6                USBD_CtlContinueRx
 .text.USBD_CtlSendStatus
                0x00000000080095c8       0x26 ./Middlewares/ST/STM32_USB_Device_Library/Core/Src/usbd_ioreq.o
                0x00000000080095c8                USBD_CtlSendStatus
 .text.USBD_CtlReceiveStatus
                0x00000000080095ee       0x26 ./Middlewares/ST/STM32_USB_Device_Library/Core/Src/usbd_ioreq.o
                0x00000000080095ee                USBD_CtlReceiveStatus
 .text.MX_USB_DEVICE_Init
                0x0000000008009614       0x60 ./USB_DEVICE/App/usb_device.o
                0x0000000008009614                MX_USB_DEVICE_Init
 .text.CDC_Init_FS
                0x0000000008009674       0x28 ./USB_DEVICE/App/usbd_cdc_if.o
 .text.CDC_DeInit_FS
                0x000000000800969c       0x10 ./USB_DEVICE/App/usbd_cdc_if.o
 .text.CDC_Control_FS
                0x00000000080096ac       0xbc ./USB_DEVICE/App/usbd_cdc_if.o
 .text.CDC_Receive_FS
                0x0000000008009768       0x28 ./USB_DEVICE/App/usbd_cdc_if.o
 .text.CDC_Transmit_FS
                0x0000000008009790       0x4c ./USB_DEVICE/App/usbd_cdc_if.o
                0x0000000008009790                CDC_Transmit_FS
 .text.CDC_TransmitCplt_FS
                0x00000000080097dc       0x22 ./USB_DEVICE/App/usbd_cdc_if.o
 *fill*         0x00000000080097fe        0x2 
 .text.USBD_FS_DeviceDescriptor
                0x0000000008009800       0x24 ./USB_DEVICE/App/usbd_desc.o
                0x0000000008009800                USBD_FS_DeviceDescriptor
 .text.USBD_FS_LangIDStrDescriptor
                0x0000000008009824       0x24 ./USB_DEVICE/App/usbd_desc.o
                0x0000000008009824                USBD_FS_LangIDStrDescriptor
 .text.USBD_FS_ProductStrDescriptor
                0x0000000008009848       0x3c ./USB_DEVICE/App/usbd_desc.o
                0x0000000008009848                USBD_FS_ProductStrDescriptor
 .text.USBD_FS_ManufacturerStrDescriptor
                0x0000000008009884       0x28 ./USB_DEVICE/App/usbd_desc.o
                0x0000000008009884                USBD_FS_ManufacturerStrDescriptor
 .text.USBD_FS_SerialStrDescriptor
                0x00000000080098ac       0x24 ./USB_DEVICE/App/usbd_desc.o
                0x00000000080098ac                USBD_FS_SerialStrDescriptor
 .text.USBD_FS_ConfigStrDescriptor
                0x00000000080098d0       0x3c ./USB_DEVICE/App/usbd_desc.o
                0x00000000080098d0                USBD_FS_ConfigStrDescriptor
 .text.USBD_FS_InterfaceStrDescriptor
                0x000000000800990c       0x3c ./USB_DEVICE/App/usbd_desc.o
                0x000000000800990c                USBD_FS_InterfaceStrDescriptor
 .text.USBD_FS_USR_BOSDescriptor
                0x0000000008009948       0x24 ./USB_DEVICE/App/usbd_desc.o
                0x0000000008009948                USBD_FS_USR_BOSDescriptor
 .text.Get_SerialNum
                0x000000000800996c       0x58 ./USB_DEVICE/App/usbd_desc.o
 .text.IntToUnicode
                0x00000000080099c4       0x7e ./USB_DEVICE/App/usbd_desc.o
 *fill*         0x0000000008009a42        0x2 
 .text.HAL_PCD_MspInit
                0x0000000008009a44      0x124 ./USB_DEVICE/Target/usbd_conf.o
                0x0000000008009a44                HAL_PCD_MspInit
 .text.HAL_PCD_SetupStageCallback
                0x0000000008009b68       0x24 ./USB_DEVICE/Target/usbd_conf.o
                0x0000000008009b68                HAL_PCD_SetupStageCallback
 .text.HAL_PCD_DataOutStageCallback
                0x0000000008009b8c       0x36 ./USB_DEVICE/Target/usbd_conf.o
                0x0000000008009b8c                HAL_PCD_DataOutStageCallback
 .text.HAL_PCD_DataInStageCallback
                0x0000000008009bc2       0x34 ./USB_DEVICE/Target/usbd_conf.o
                0x0000000008009bc2                HAL_PCD_DataInStageCallback
 .text.HAL_PCD_SOFCallback
                0x0000000008009bf6       0x1c ./USB_DEVICE/Target/usbd_conf.o
                0x0000000008009bf6                HAL_PCD_SOFCallback
 .text.HAL_PCD_ResetCallback
                0x0000000008009c12       0x3c ./USB_DEVICE/Target/usbd_conf.o
                0x0000000008009c12                HAL_PCD_ResetCallback
 *fill*         0x0000000008009c4e        0x2 
 .text.HAL_PCD_SuspendCallback
                0x0000000008009c50       0x4c ./USB_DEVICE/Target/usbd_conf.o
                0x0000000008009c50                HAL_PCD_SuspendCallback
 .text.HAL_PCD_ResumeCallback
                0x0000000008009c9c       0x50 ./USB_DEVICE/Target/usbd_conf.o
                0x0000000008009c9c                HAL_PCD_ResumeCallback
 .text.HAL_PCD_ISOOUTIncompleteCallback
                0x0000000008009cec       0x24 ./USB_DEVICE/Target/usbd_conf.o
                0x0000000008009cec                HAL_PCD_ISOOUTIncompleteCallback
 .text.HAL_PCD_ISOINIncompleteCallback
                0x0000000008009d10       0x24 ./USB_DEVICE/Target/usbd_conf.o
                0x0000000008009d10                HAL_PCD_ISOINIncompleteCallback
 .text.HAL_PCD_ConnectCallback
                0x0000000008009d34       0x1c ./USB_DEVICE/Target/usbd_conf.o
                0x0000000008009d34                HAL_PCD_ConnectCallback
 .text.HAL_PCD_DisconnectCallback
                0x0000000008009d50       0x1c ./USB_DEVICE/Target/usbd_conf.o
                0x0000000008009d50                HAL_PCD_DisconnectCallback
 .text.USBD_LL_Init
                0x0000000008009d6c       0x98 ./USB_DEVICE/Target/usbd_conf.o
                0x0000000008009d6c                USBD_LL_Init
 .text.USBD_LL_Start
                0x0000000008009e04       0x64 ./USB_DEVICE/Target/usbd_conf.o
                0x0000000008009e04                USBD_LL_Start
 .text.USBD_LL_OpenEP
                0x0000000008009e68       0x7c ./USB_DEVICE/Target/usbd_conf.o
                0x0000000008009e68                USBD_LL_OpenEP
 .text.USBD_LL_CloseEP
                0x0000000008009ee4       0x6c ./USB_DEVICE/Target/usbd_conf.o
                0x0000000008009ee4                USBD_LL_CloseEP
 .text.USBD_LL_StallEP
                0x0000000008009f50       0x6c ./USB_DEVICE/Target/usbd_conf.o
                0x0000000008009f50                USBD_LL_StallEP
 .text.USBD_LL_ClearStallEP
                0x0000000008009fbc       0x6c ./USB_DEVICE/Target/usbd_conf.o
                0x0000000008009fbc                USBD_LL_ClearStallEP
 .text.USBD_LL_IsStallEP
                0x000000000800a028       0x58 ./USB_DEVICE/Target/usbd_conf.o
                0x000000000800a028                USBD_LL_IsStallEP
 .text.USBD_LL_SetUSBAddress
                0x000000000800a080       0x6c ./USB_DEVICE/Target/usbd_conf.o
                0x000000000800a080                USBD_LL_SetUSBAddress
 .text.USBD_LL_Transmit
                0x000000000800a0ec       0x70 ./USB_DEVICE/Target/usbd_conf.o
                0x000000000800a0ec                USBD_LL_Transmit
 .text.USBD_LL_PrepareReceive
                0x000000000800a15c       0x70 ./USB_DEVICE/Target/usbd_conf.o
                0x000000000800a15c                USBD_LL_PrepareReceive
 .text.USBD_LL_GetRxDataSize
                0x000000000800a1cc       0x26 ./USB_DEVICE/Target/usbd_conf.o
                0x000000000800a1cc                USBD_LL_GetRxDataSize
 *fill*         0x000000000800a1f2        0x2 
 .text.HAL_PCDEx_LPM_Callback
                0x000000000800a1f4       0x9c ./USB_DEVICE/Target/usbd_conf.o
                0x000000000800a1f4                HAL_PCDEx_LPM_Callback
 .text.USBD_static_malloc
                0x000000000800a290       0x1c ./USB_DEVICE/Target/usbd_conf.o
                0x000000000800a290                USBD_static_malloc
 .text.USBD_static_free
                0x000000000800a2ac       0x14 ./USB_DEVICE/Target/usbd_conf.o
                0x000000000800a2ac                USBD_static_free
 .text.SystemClockConfig_Resume
                0x000000000800a2c0        0xc ./USB_DEVICE/Target/usbd_conf.o
 .text.std      0x000000000800a2cc       0x48 D:/STM32/STM32CubeIDE_1.13.0/STM32CubeIDE/plugins/com.st.stm32cube.ide.mcu.externaltools.gnu-tools-for-stm32.11.3.rel1.win32_1.1.0.202305231506/tools/bin/../lib/gcc/arm-none-eabi/11.3.1/../../../../arm-none-eabi/lib/thumb/v7e-m+fp/hard\libc_nano.a(libc_a-findfp.o)
 .text.stdio_exit_handler
                0x000000000800a314       0x18 D:/STM32/STM32CubeIDE_1.13.0/STM32CubeIDE/plugins/com.st.stm32cube.ide.mcu.externaltools.gnu-tools-for-stm32.11.3.rel1.win32_1.1.0.202305231506/tools/bin/../lib/gcc/arm-none-eabi/11.3.1/../../../../arm-none-eabi/lib/thumb/v7e-m+fp/hard\libc_nano.a(libc_a-findfp.o)
 .text.cleanup_stdio
                0x000000000800a32c       0x40 D:/STM32/STM32CubeIDE_1.13.0/STM32CubeIDE/plugins/com.st.stm32cube.ide.mcu.externaltools.gnu-tools-for-stm32.11.3.rel1.win32_1.1.0.202305231506/tools/bin/../lib/gcc/arm-none-eabi/11.3.1/../../../../arm-none-eabi/lib/thumb/v7e-m+fp/hard\libc_nano.a(libc_a-findfp.o)
 .text.global_stdio_init.part.0
                0x000000000800a36c       0x3c D:/STM32/STM32CubeIDE_1.13.0/STM32CubeIDE/plugins/com.st.stm32cube.ide.mcu.externaltools.gnu-tools-for-stm32.11.3.rel1.win32_1.1.0.202305231506/tools/bin/../lib/gcc/arm-none-eabi/11.3.1/../../../../arm-none-eabi/lib/thumb/v7e-m+fp/hard\libc_nano.a(libc_a-findfp.o)
 .text.__sfp_lock_acquire
                0x000000000800a3a8        0xc D:/STM32/STM32CubeIDE_1.13.0/STM32CubeIDE/plugins/com.st.stm32cube.ide.mcu.externaltools.gnu-tools-for-stm32.11.3.rel1.win32_1.1.0.202305231506/tools/bin/../lib/gcc/arm-none-eabi/11.3.1/../../../../arm-none-eabi/lib/thumb/v7e-m+fp/hard\libc_nano.a(libc_a-findfp.o)
                0x000000000800a3a8                __sfp_lock_acquire
 .text.__sfp_lock_release
                0x000000000800a3b4        0xc D:/STM32/STM32CubeIDE_1.13.0/STM32CubeIDE/plugins/com.st.stm32cube.ide.mcu.externaltools.gnu-tools-for-stm32.11.3.rel1.win32_1.1.0.202305231506/tools/bin/../lib/gcc/arm-none-eabi/11.3.1/../../../../arm-none-eabi/lib/thumb/v7e-m+fp/hard\libc_nano.a(libc_a-findfp.o)
                0x000000000800a3b4                __sfp_lock_release
 .text.__sinit  0x000000000800a3c0       0x30 D:/STM32/STM32CubeIDE_1.13.0/STM32CubeIDE/plugins/com.st.stm32cube.ide.mcu.externaltools.gnu-tools-for-stm32.11.3.rel1.win32_1.1.0.202305231506/tools/bin/../lib/gcc/arm-none-eabi/11.3.1/../../../../arm-none-eabi/lib/thumb/v7e-m+fp/hard\libc_nano.a(libc_a-findfp.o)
                0x000000000800a3c0                __sinit
 .text._fwalk_sglue
                0x000000000800a3f0       0x3c D:/STM32/STM32CubeIDE_1.13.0/STM32CubeIDE/plugins/com.st.stm32cube.ide.mcu.externaltools.gnu-tools-for-stm32.11.3.rel1.win32_1.1.0.202305231506/tools/bin/../lib/gcc/arm-none-eabi/11.3.1/../../../../arm-none-eabi/lib/thumb/v7e-m+fp/hard\libc_nano.a(libc_a-fwalk.o)
                0x000000000800a3f0                _fwalk_sglue
 .text.printf   0x000000000800a42c       0x24 D:/STM32/STM32CubeIDE_1.13.0/STM32CubeIDE/plugins/com.st.stm32cube.ide.mcu.externaltools.gnu-tools-for-stm32.11.3.rel1.win32_1.1.0.202305231506/tools/bin/../lib/gcc/arm-none-eabi/11.3.1/../../../../arm-none-eabi/lib/thumb/v7e-m+fp/hard\libc_nano.a(libc_a-printf.o)
                0x000000000800a42c                iprintf
                0x000000000800a42c                printf
 .text.__sread  0x000000000800a450       0x22 D:/STM32/STM32CubeIDE_1.13.0/STM32CubeIDE/plugins/com.st.stm32cube.ide.mcu.externaltools.gnu-tools-for-stm32.11.3.rel1.win32_1.1.0.202305231506/tools/bin/../lib/gcc/arm-none-eabi/11.3.1/../../../../arm-none-eabi/lib/thumb/v7e-m+fp/hard\libc_nano.a(libc_a-stdio.o)
                0x000000000800a450                __sread
 .text.__swrite
                0x000000000800a472       0x38 D:/STM32/STM32CubeIDE_1.13.0/STM32CubeIDE/plugins/com.st.stm32cube.ide.mcu.externaltools.gnu-tools-for-stm32.11.3.rel1.win32_1.1.0.202305231506/tools/bin/../lib/gcc/arm-none-eabi/11.3.1/../../../../arm-none-eabi/lib/thumb/v7e-m+fp/hard\libc_nano.a(libc_a-stdio.o)
                0x000000000800a472                __swrite
 .text.__sseek  0x000000000800a4aa       0x24 D:/STM32/STM32CubeIDE_1.13.0/STM32CubeIDE/plugins/com.st.stm32cube.ide.mcu.externaltools.gnu-tools-for-stm32.11.3.rel1.win32_1.1.0.202305231506/tools/bin/../lib/gcc/arm-none-eabi/11.3.1/../../../../arm-none-eabi/lib/thumb/v7e-m+fp/hard\libc_nano.a(libc_a-stdio.o)
                0x000000000800a4aa                __sseek
 .text.__sclose
                0x000000000800a4ce        0x8 D:/STM32/STM32CubeIDE_1.13.0/STM32CubeIDE/plugins/com.st.stm32cube.ide.mcu.externaltools.gnu-tools-for-stm32.11.3.rel1.win32_1.1.0.202305231506/tools/bin/../lib/gcc/arm-none-eabi/11.3.1/../../../../arm-none-eabi/lib/thumb/v7e-m+fp/hard\libc_nano.a(libc_a-stdio.o)
                0x000000000800a4ce                __sclose
 .text.memset   0x000000000800a4d6       0x10 D:/STM32/STM32CubeIDE_1.13.0/STM32CubeIDE/plugins/com.st.stm32cube.ide.mcu.externaltools.gnu-tools-for-stm32.11.3.rel1.win32_1.1.0.202305231506/tools/bin/../lib/gcc/arm-none-eabi/11.3.1/../../../../arm-none-eabi/lib/thumb/v7e-m+fp/hard\libc_nano.a(libc_a-memset.o)
                0x000000000800a4d6                memset
 *fill*         0x000000000800a4e6        0x2 
 .text._close_r
                0x000000000800a4e8       0x20 D:/STM32/STM32CubeIDE_1.13.0/STM32CubeIDE/plugins/com.st.stm32cube.ide.mcu.externaltools.gnu-tools-for-stm32.11.3.rel1.win32_1.1.0.202305231506/tools/bin/../lib/gcc/arm-none-eabi/11.3.1/../../../../arm-none-eabi/lib/thumb/v7e-m+fp/hard\libc_nano.a(libc_a-closer.o)
                0x000000000800a4e8                _close_r
 .text._lseek_r
                0x000000000800a508       0x24 D:/STM32/STM32CubeIDE_1.13.0/STM32CubeIDE/plugins/com.st.stm32cube.ide.mcu.externaltools.gnu-tools-for-stm32.11.3.rel1.win32_1.1.0.202305231506/tools/bin/../lib/gcc/arm-none-eabi/11.3.1/../../../../arm-none-eabi/lib/thumb/v7e-m+fp/hard\libc_nano.a(libc_a-lseekr.o)
                0x000000000800a508                _lseek_r
 .text._read_r  0x000000000800a52c       0x24 D:/STM32/STM32CubeIDE_1.13.0/STM32CubeIDE/plugins/com.st.stm32cube.ide.mcu.externaltools.gnu-tools-for-stm32.11.3.rel1.win32_1.1.0.202305231506/tools/bin/../lib/gcc/arm-none-eabi/11.3.1/../../../../arm-none-eabi/lib/thumb/v7e-m+fp/hard\libc_nano.a(libc_a-readr.o)
                0x000000000800a52c                _read_r
 .text._write_r
                0x000000000800a550       0x24 D:/STM32/STM32CubeIDE_1.13.0/STM32CubeIDE/plugins/com.st.stm32cube.ide.mcu.externaltools.gnu-tools-for-stm32.11.3.rel1.win32_1.1.0.202305231506/tools/bin/../lib/gcc/arm-none-eabi/11.3.1/../../../../arm-none-eabi/lib/thumb/v7e-m+fp/hard\libc_nano.a(libc_a-writer.o)
                0x000000000800a550                _write_r
 .text.__errno  0x000000000800a574        0xc D:/STM32/STM32CubeIDE_1.13.0/STM32CubeIDE/plugins/com.st.stm32cube.ide.mcu.externaltools.gnu-tools-for-stm32.11.3.rel1.win32_1.1.0.202305231506/tools/bin/../lib/gcc/arm-none-eabi/11.3.1/../../../../arm-none-eabi/lib/thumb/v7e-m+fp/hard\libc_nano.a(libc_a-errno.o)
                0x000000000800a574                __errno
 .text.__libc_init_array
                0x000000000800a580       0x48 D:/STM32/STM32CubeIDE_1.13.0/STM32CubeIDE/plugins/com.st.stm32cube.ide.mcu.externaltools.gnu-tools-for-stm32.11.3.rel1.win32_1.1.0.202305231506/tools/bin/../lib/gcc/arm-none-eabi/11.3.1/../../../../arm-none-eabi/lib/thumb/v7e-m+fp/hard\libc_nano.a(libc_a-init.o)
                0x000000000800a580                __libc_init_array
 .text.__retarget_lock_acquire_recursive
                0x000000000800a5c8        0x2 D:/STM32/STM32CubeIDE_1.13.0/STM32CubeIDE/plugins/com.st.stm32cube.ide.mcu.externaltools.gnu-tools-for-stm32.11.3.rel1.win32_1.1.0.202305231506/tools/bin/../lib/gcc/arm-none-eabi/11.3.1/../../../../arm-none-eabi/lib/thumb/v7e-m+fp/hard\libc_nano.a(libc_a-lock.o)
                0x000000000800a5c8                __retarget_lock_acquire_recursive
 .text.__retarget_lock_release_recursive
                0x000000000800a5ca        0x2 D:/STM32/STM32CubeIDE_1.13.0/STM32CubeIDE/plugins/com.st.stm32cube.ide.mcu.externaltools.gnu-tools-for-stm32.11.3.rel1.win32_1.1.0.202305231506/tools/bin/../lib/gcc/arm-none-eabi/11.3.1/../../../../arm-none-eabi/lib/thumb/v7e-m+fp/hard\libc_nano.a(libc_a-lock.o)
                0x000000000800a5ca                __retarget_lock_release_recursive
 .text._free_r  0x000000000800a5cc       0x98 D:/STM32/STM32CubeIDE_1.13.0/STM32CubeIDE/plugins/com.st.stm32cube.ide.mcu.externaltools.gnu-tools-for-stm32.11.3.rel1.win32_1.1.0.202305231506/tools/bin/../lib/gcc/arm-none-eabi/11.3.1/../../../../arm-none-eabi/lib/thumb/v7e-m+fp/hard\libc_nano.a(libc_a-freer.o)
                0x000000000800a5cc                _free_r
 .text.sbrk_aligned
                0x000000000800a664       0x40 D:/STM32/STM32CubeIDE_1.13.0/STM32CubeIDE/plugins/com.st.stm32cube.ide.mcu.externaltools.gnu-tools-for-stm32.11.3.rel1.win32_1.1.0.202305231506/tools/bin/../lib/gcc/arm-none-eabi/11.3.1/../../../../arm-none-eabi/lib/thumb/v7e-m+fp/hard\libc_nano.a(libc_a-mallocr.o)
 .text._malloc_r
                0x000000000800a6a4      0x100 D:/STM32/STM32CubeIDE_1.13.0/STM32CubeIDE/plugins/com.st.stm32cube.ide.mcu.externaltools.gnu-tools-for-stm32.11.3.rel1.win32_1.1.0.202305231506/tools/bin/../lib/gcc/arm-none-eabi/11.3.1/../../../../arm-none-eabi/lib/thumb/v7e-m+fp/hard\libc_nano.a(libc_a-mallocr.o)
                0x000000000800a6a4                _malloc_r
 .text.__malloc_lock
                0x000000000800a7a4        0xc D:/STM32/STM32CubeIDE_1.13.0/STM32CubeIDE/plugins/com.st.stm32cube.ide.mcu.externaltools.gnu-tools-for-stm32.11.3.rel1.win32_1.1.0.202305231506/tools/bin/../lib/gcc/arm-none-eabi/11.3.1/../../../../arm-none-eabi/lib/thumb/v7e-m+fp/hard\libc_nano.a(libc_a-mlock.o)
                0x000000000800a7a4                __malloc_lock
 .text.__malloc_unlock
                0x000000000800a7b0        0xc D:/STM32/STM32CubeIDE_1.13.0/STM32CubeIDE/plugins/com.st.stm32cube.ide.mcu.externaltools.gnu-tools-for-stm32.11.3.rel1.win32_1.1.0.202305231506/tools/bin/../lib/gcc/arm-none-eabi/11.3.1/../../../../arm-none-eabi/lib/thumb/v7e-m+fp/hard\libc_nano.a(libc_a-mlock.o)
                0x000000000800a7b0                __malloc_unlock
 .text.__sfputc_r
                0x000000000800a7bc       0x2e D:/STM32/STM32CubeIDE_1.13.0/STM32CubeIDE/plugins/com.st.stm32cube.ide.mcu.externaltools.gnu-tools-for-stm32.11.3.rel1.win32_1.1.0.202305231506/tools/bin/../lib/gcc/arm-none-eabi/11.3.1/../../../../arm-none-eabi/lib/thumb/v7e-m+fp/hard\libc_nano.a(libc_a-nano-vfprintf.o)
 .text.__sfputs_r
                0x000000000800a7ea       0x24 D:/STM32/STM32CubeIDE_1.13.0/STM32CubeIDE/plugins/com.st.stm32cube.ide.mcu.externaltools.gnu-tools-for-stm32.11.3.rel1.win32_1.1.0.202305231506/tools/bin/../lib/gcc/arm-none-eabi/11.3.1/../../../../arm-none-eabi/lib/thumb/v7e-m+fp/hard\libc_nano.a(libc_a-nano-vfprintf.o)
                0x000000000800a7ea                __sfputs_r
 *fill*         0x000000000800a80e        0x2 
 .text._vfprintf_r
                0x000000000800a810      0x234 D:/STM32/STM32CubeIDE_1.13.0/STM32CubeIDE/plugins/com.st.stm32cube.ide.mcu.externaltools.gnu-tools-for-stm32.11.3.rel1.win32_1.1.0.202305231506/tools/bin/../lib/gcc/arm-none-eabi/11.3.1/../../../../arm-none-eabi/lib/thumb/v7e-m+fp/hard\libc_nano.a(libc_a-nano-vfprintf.o)
                0x000000000800a810                _vfprintf_r
                0x000000000800a810                _vfiprintf_r
 .text._printf_common
                0x000000000800aa44       0xda D:/STM32/STM32CubeIDE_1.13.0/STM32CubeIDE/plugins/com.st.stm32cube.ide.mcu.externaltools.gnu-tools-for-stm32.11.3.rel1.win32_1.1.0.202305231506/tools/bin/../lib/gcc/arm-none-eabi/11.3.1/../../../../arm-none-eabi/lib/thumb/v7e-m+fp/hard\libc_nano.a(libc_a-nano-vfprintf_i.o)
                0x000000000800aa44                _printf_common
 *fill*         0x000000000800ab1e        0x2 
 .text._printf_i
                0x000000000800ab20      0x244 D:/STM32/STM32CubeIDE_1.13.0/STM32CubeIDE/plugins/com.st.stm32cube.ide.mcu.externaltools.gnu-tools-for-stm32.11.3.rel1.win32_1.1.0.202305231506/tools/bin/../lib/gcc/arm-none-eabi/11.3.1/../../../../arm-none-eabi/lib/thumb/v7e-m+fp/hard\libc_nano.a(libc_a-nano-vfprintf_i.o)
                0x000000000800ab20                _printf_i
 .text.__sflush_r
                0x000000000800ad64      0x10c D:/STM32/STM32CubeIDE_1.13.0/STM32CubeIDE/plugins/com.st.stm32cube.ide.mcu.externaltools.gnu-tools-for-stm32.11.3.rel1.win32_1.1.0.202305231506/tools/bin/../lib/gcc/arm-none-eabi/11.3.1/../../../../arm-none-eabi/lib/thumb/v7e-m+fp/hard\libc_nano.a(libc_a-fflush.o)
                0x000000000800ad64                __sflush_r
 .text._fflush_r
                0x000000000800ae70       0x50 D:/STM32/STM32CubeIDE_1.13.0/STM32CubeIDE/plugins/com.st.stm32cube.ide.mcu.externaltools.gnu-tools-for-stm32.11.3.rel1.win32_1.1.0.202305231506/tools/bin/../lib/gcc/arm-none-eabi/11.3.1/../../../../arm-none-eabi/lib/thumb/v7e-m+fp/hard\libc_nano.a(libc_a-fflush.o)
                0x000000000800ae70                _fflush_r
 .text.__swbuf_r
                0x000000000800aec0       0x7a D:/STM32/STM32CubeIDE_1.13.0/STM32CubeIDE/plugins/com.st.stm32cube.ide.mcu.externaltools.gnu-tools-for-stm32.11.3.rel1.win32_1.1.0.202305231506/tools/bin/../lib/gcc/arm-none-eabi/11.3.1/../../../../arm-none-eabi/lib/thumb/v7e-m+fp/hard\libc_nano.a(libc_a-wbuf.o)
                0x000000000800aec0                __swbuf_r
 *fill*         0x000000000800af3a        0x2 
 .text.__swsetup_r
                0x000000000800af3c       0xb0 D:/STM32/STM32CubeIDE_1.13.0/STM32CubeIDE/plugins/com.st.stm32cube.ide.mcu.externaltools.gnu-tools-for-stm32.11.3.rel1.win32_1.1.0.202305231506/tools/bin/../lib/gcc/arm-none-eabi/11.3.1/../../../../arm-none-eabi/lib/thumb/v7e-m+fp/hard\libc_nano.a(libc_a-wsetup.o)
                0x000000000800af3c                __swsetup_r
 .text._sbrk_r  0x000000000800afec       0x20 D:/STM32/STM32CubeIDE_1.13.0/STM32CubeIDE/plugins/com.st.stm32cube.ide.mcu.externaltools.gnu-tools-for-stm32.11.3.rel1.win32_1.1.0.202305231506/tools/bin/../lib/gcc/arm-none-eabi/11.3.1/../../../../arm-none-eabi/lib/thumb/v7e-m+fp/hard\libc_nano.a(libc_a-sbrkr.o)
                0x000000000800afec                _sbrk_r
 .text.__swhatbuf_r
                0x000000000800b00c       0x4c D:/STM32/STM32CubeIDE_1.13.0/STM32CubeIDE/plugins/com.st.stm32cube.ide.mcu.externaltools.gnu-tools-for-stm32.11.3.rel1.win32_1.1.0.202305231506/tools/bin/../lib/gcc/arm-none-eabi/11.3.1/../../../../arm-none-eabi/lib/thumb/v7e-m+fp/hard\libc_nano.a(libc_a-makebuf.o)
                0x000000000800b00c                __swhatbuf_r
 .text.__smakebuf_r
                0x000000000800b058       0x78 D:/STM32/STM32CubeIDE_1.13.0/STM32CubeIDE/plugins/com.st.stm32cube.ide.mcu.externaltools.gnu-tools-for-stm32.11.3.rel1.win32_1.1.0.202305231506/tools/bin/../lib/gcc/arm-none-eabi/11.3.1/../../../../arm-none-eabi/lib/thumb/v7e-m+fp/hard\libc_nano.a(libc_a-makebuf.o)
                0x000000000800b058                __smakebuf_r
 .text._fstat_r
                0x000000000800b0d0       0x24 D:/STM32/STM32CubeIDE_1.13.0/STM32CubeIDE/plugins/com.st.stm32cube.ide.mcu.externaltools.gnu-tools-for-stm32.11.3.rel1.win32_1.1.0.202305231506/tools/bin/../lib/gcc/arm-none-eabi/11.3.1/../../../../arm-none-eabi/lib/thumb/v7e-m+fp/hard\libc_nano.a(libc_a-fstatr.o)
                0x000000000800b0d0                _fstat_r
 .text._isatty_r
                0x000000000800b0f4       0x20 D:/STM32/STM32CubeIDE_1.13.0/STM32CubeIDE/plugins/com.st.stm32cube.ide.mcu.externaltools.gnu-tools-for-stm32.11.3.rel1.win32_1.1.0.202305231506/tools/bin/../lib/gcc/arm-none-eabi/11.3.1/../../../../arm-none-eabi/lib/thumb/v7e-m+fp/hard\libc_nano.a(libc_a-isattyr.o)
                0x000000000800b0f4                _isatty_r
 *(.glue_7)
 .glue_7        0x000000000800b114        0x0 linker stubs
 *(.glue_7t)
 .glue_7t       0x000000000800b114        0x0 linker stubs
 *(.eh_frame)
 .eh_frame      0x000000000800b114        0x0 D:/STM32/STM32CubeIDE_1.13.0/STM32CubeIDE/plugins/com.st.stm32cube.ide.mcu.externaltools.gnu-tools-for-stm32.11.3.rel1.win32_1.1.0.202305231506/tools/bin/../lib/gcc/arm-none-eabi/11.3.1/thumb/v7e-m+fp/hard/crtbegin.o
 *(.init)
 .init          0x000000000800b114        0x4 D:/STM32/STM32CubeIDE_1.13.0/STM32CubeIDE/plugins/com.st.stm32cube.ide.mcu.externaltools.gnu-tools-for-stm32.11.3.rel1.win32_1.1.0.202305231506/tools/bin/../lib/gcc/arm-none-eabi/11.3.1/thumb/v7e-m+fp/hard/crti.o
                0x000000000800b114                _init
 .init          0x000000000800b118        0x8 D:/STM32/STM32CubeIDE_1.13.0/STM32CubeIDE/plugins/com.st.stm32cube.ide.mcu.externaltools.gnu-tools-for-stm32.11.3.rel1.win32_1.1.0.202305231506/tools/bin/../lib/gcc/arm-none-eabi/11.3.1/thumb/v7e-m+fp/hard/crtn.o
 *(.fini)
 .fini          0x000000000800b120        0x4 D:/STM32/STM32CubeIDE_1.13.0/STM32CubeIDE/plugins/com.st.stm32cube.ide.mcu.externaltools.gnu-tools-for-stm32.11.3.rel1.win32_1.1.0.202305231506/tools/bin/../lib/gcc/arm-none-eabi/11.3.1/thumb/v7e-m+fp/hard/crti.o
                0x000000000800b120                _fini
 .fini          0x000000000800b124        0x8 D:/STM32/STM32CubeIDE_1.13.0/STM32CubeIDE/plugins/com.st.stm32cube.ide.mcu.externaltools.gnu-tools-for-stm32.11.3.rel1.win32_1.1.0.202305231506/tools/bin/../lib/gcc/arm-none-eabi/11.3.1/thumb/v7e-m+fp/hard/crtn.o
                0x000000000800b12c                . = ALIGN (0x4)
                0x000000000800b12c                _etext = .

.vfp11_veneer   0x000000000800b12c        0x0
 .vfp11_veneer  0x000000000800b12c        0x0 linker stubs

.v4_bx          0x000000000800b12c        0x0
 .v4_bx         0x000000000800b12c        0x0 linker stubs

.iplt           0x000000000800b12c        0x0
 .iplt          0x000000000800b12c        0x0 D:/STM32/STM32CubeIDE_1.13.0/STM32CubeIDE/plugins/com.st.stm32cube.ide.mcu.externaltools.gnu-tools-for-stm32.11.3.rel1.win32_1.1.0.202305231506/tools/bin/../lib/gcc/arm-none-eabi/11.3.1/thumb/v7e-m+fp/hard/crtbegin.o

.rodata         0x000000000800b12c       0xd0
                0x000000000800b12c                . = ALIGN (0x4)
 *(.rodata)
 .rodata        0x000000000800b12c        0xe ./Core/Src/main.o
 *fill*         0x000000000800b13a        0x2 
 .rodata        0x000000000800b13c       0x42 ./USB_DEVICE/App/usbd_desc.o
 *(.rodata*)
 *fill*         0x000000000800b17e        0x2 
 .rodata.AHBPrescTable
                0x000000000800b180       0x10 ./Core/Src/system_stm32l4xx.o
                0x000000000800b180                AHBPrescTable
 .rodata.APBPrescTable
                0x000000000800b190        0x8 ./Core/Src/system_stm32l4xx.o
                0x000000000800b190                APBPrescTable
 .rodata.MSIRangeTable
                0x000000000800b198       0x30 ./Core/Src/system_stm32l4xx.o
                0x000000000800b198                MSIRangeTable
 .rodata._vfprintf_r.str1.1
                0x000000000800b1c8       0x11 D:/STM32/STM32CubeIDE_1.13.0/STM32CubeIDE/plugins/com.st.stm32cube.ide.mcu.externaltools.gnu-tools-for-stm32.11.3.rel1.win32_1.1.0.202305231506/tools/bin/../lib/gcc/arm-none-eabi/11.3.1/../../../../arm-none-eabi/lib/thumb/v7e-m+fp/hard\libc_nano.a(libc_a-nano-vfprintf.o)
 .rodata._printf_i.str1.1
                0x000000000800b1d9       0x22 D:/STM32/STM32CubeIDE_1.13.0/STM32CubeIDE/plugins/com.st.stm32cube.ide.mcu.externaltools.gnu-tools-for-stm32.11.3.rel1.win32_1.1.0.202305231506/tools/bin/../lib/gcc/arm-none-eabi/11.3.1/../../../../arm-none-eabi/lib/thumb/v7e-m+fp/hard\libc_nano.a(libc_a-nano-vfprintf_i.o)
                0x000000000800b1fc                . = ALIGN (0x4)
 *fill*         0x000000000800b1fb        0x1 

.ARM.extab      0x000000000800b1fc        0x0
                0x000000000800b1fc                . = ALIGN (0x4)
 *(.ARM.extab* .gnu.linkonce.armextab.*)
                0x000000000800b1fc                . = ALIGN (0x4)

.ARM            0x000000000800b1fc        0x8
                0x000000000800b1fc                . = ALIGN (0x4)
                0x000000000800b1fc                __exidx_start = .
 *(.ARM.exidx*)
 .ARM.exidx     0x000000000800b1fc        0x8 D:/STM32/STM32CubeIDE_1.13.0/STM32CubeIDE/plugins/com.st.stm32cube.ide.mcu.externaltools.gnu-tools-for-stm32.11.3.rel1.win32_1.1.0.202305231506/tools/bin/../lib/gcc/arm-none-eabi/11.3.1/thumb/v7e-m+fp/hard\libgcc.a(_udivmoddi4.o)
                0x000000000800b204                __exidx_end = .
                0x000000000800b204                . = ALIGN (0x4)

.rel.dyn        0x000000000800b204        0x0
 .rel.iplt      0x000000000800b204        0x0 D:/STM32/STM32CubeIDE_1.13.0/STM32CubeIDE/plugins/com.st.stm32cube.ide.mcu.externaltools.gnu-tools-for-stm32.11.3.rel1.win32_1.1.0.202305231506/tools/bin/../lib/gcc/arm-none-eabi/11.3.1/thumb/v7e-m+fp/hard/crtbegin.o

.preinit_array  0x000000000800b204        0x0
                0x000000000800b204                . = ALIGN (0x4)
                0x000000000800b204                PROVIDE (__preinit_array_start = .)
 *(.preinit_array*)
                0x000000000800b204                PROVIDE (__preinit_array_end = .)
                0x000000000800b204                . = ALIGN (0x4)

.init_array     0x000000000800b204        0x4
                0x000000000800b204                . = ALIGN (0x4)
                0x000000000800b204                PROVIDE (__init_array_start = .)
 *(SORT_BY_NAME(.init_array.*))
 *(.init_array*)
 .init_array    0x000000000800b204        0x4 D:/STM32/STM32CubeIDE_1.13.0/STM32CubeIDE/plugins/com.st.stm32cube.ide.mcu.externaltools.gnu-tools-for-stm32.11.3.rel1.win32_1.1.0.202305231506/tools/bin/../lib/gcc/arm-none-eabi/11.3.1/thumb/v7e-m+fp/hard/crtbegin.o
                0x000000000800b208                PROVIDE (__init_array_end = .)
                0x000000000800b208                . = ALIGN (0x4)

.fini_array     0x000000000800b208        0x4
                0x000000000800b208                . = ALIGN (0x4)
                [!provide]                        PROVIDE (__fini_array_start = .)
 *(SORT_BY_NAME(.fini_array.*))
 *(.fini_array*)
 .fini_array    0x000000000800b208        0x4 D:/STM32/STM32CubeIDE_1.13.0/STM32CubeIDE/plugins/com.st.stm32cube.ide.mcu.externaltools.gnu-tools-for-stm32.11.3.rel1.win32_1.1.0.202305231506/tools/bin/../lib/gcc/arm-none-eabi/11.3.1/thumb/v7e-m+fp/hard/crtbegin.o
                [!provide]                        PROVIDE (__fini_array_end = .)
                0x000000000800b20c                . = ALIGN (0x4)
                0x000000000800b20c                _sidata = LOADADDR (.data)

.data           0x0000000020000000      0x168 load address 0x000000000800b20c
                0x0000000020000000                . = ALIGN (0x4)
                0x0000000020000000                _sdata = .
 *(.data)
 *(.data*)
 .data.SystemCoreClock
                0x0000000020000000        0x4 ./Core/Src/system_stm32l4xx.o
                0x0000000020000000                SystemCoreClock
 .data.uwTickPrio
                0x0000000020000004        0x4 ./Drivers/STM32L4xx_HAL_Driver/Src/stm32l4xx_hal.o
                0x0000000020000004                uwTickPrio
 .data.uwTickFreq
                0x0000000020000008        0x1 ./Drivers/STM32L4xx_HAL_Driver/Src/stm32l4xx_hal.o
                0x0000000020000008                uwTickFreq
 *fill*         0x0000000020000009        0x3 
 .data.USBD_CDC_DeviceQualifierDesc
                0x000000002000000c        0xa ./Middlewares/ST/STM32_USB_Device_Library/Class/CDC/Src/usbd_cdc.o
 *fill*         0x0000000020000016        0x2 
 .data.USBD_CDC
                0x0000000020000018       0x38 ./Middlewares/ST/STM32_USB_Device_Library/Class/CDC/Src/usbd_cdc.o
                0x0000000020000018                USBD_CDC
 .data.USBD_CDC_CfgDesc
                0x0000000020000050       0x43 ./Middlewares/ST/STM32_USB_Device_Library/Class/CDC/Src/usbd_cdc.o
 .data.CDCInEpAdd
                0x0000000020000093        0x1 ./Middlewares/ST/STM32_USB_Device_Library/Class/CDC/Src/usbd_cdc.o
 .data.CDCOutEpAdd
                0x0000000020000094        0x1 ./Middlewares/ST/STM32_USB_Device_Library/Class/CDC/Src/usbd_cdc.o
 .data.CDCCmdEpAdd
                0x0000000020000095        0x1 ./Middlewares/ST/STM32_USB_Device_Library/Class/CDC/Src/usbd_cdc.o
 *fill*         0x0000000020000096        0x2 
 .data.USBD_Interface_fops_FS
                0x0000000020000098       0x14 ./USB_DEVICE/App/usbd_cdc_if.o
                0x0000000020000098                USBD_Interface_fops_FS
 .data.FS_Desc  0x00000000200000ac       0x20 ./USB_DEVICE/App/usbd_desc.o
                0x00000000200000ac                FS_Desc
 .data.USBD_FS_DeviceDesc
                0x00000000200000cc       0x12 ./USB_DEVICE/App/usbd_desc.o
                0x00000000200000cc                USBD_FS_DeviceDesc
 *fill*         0x00000000200000de        0x2 
 .data.USBD_FS_BOSDesc
                0x00000000200000e0        0xc ./USB_DEVICE/App/usbd_desc.o
                0x00000000200000e0                USBD_FS_BOSDesc
 .data.USBD_LangIDDesc
                0x00000000200000ec        0x4 ./USB_DEVICE/App/usbd_desc.o
                0x00000000200000ec                USBD_LangIDDesc
 .data.USBD_StringSerial
                0x00000000200000f0       0x1a ./USB_DEVICE/App/usbd_desc.o
                0x00000000200000f0                USBD_StringSerial
 *fill*         0x000000002000010a        0x2 
 .data.__sglue  0x000000002000010c        0xc D:/STM32/STM32CubeIDE_1.13.0/STM32CubeIDE/plugins/com.st.stm32cube.ide.mcu.externaltools.gnu-tools-for-stm32.11.3.rel1.win32_1.1.0.202305231506/tools/bin/../lib/gcc/arm-none-eabi/11.3.1/../../../../arm-none-eabi/lib/thumb/v7e-m+fp/hard\libc_nano.a(libc_a-findfp.o)
                0x000000002000010c                __sglue
 .data._impure_data
                0x0000000020000118       0x4c D:/STM32/STM32CubeIDE_1.13.0/STM32CubeIDE/plugins/com.st.stm32cube.ide.mcu.externaltools.gnu-tools-for-stm32.11.3.rel1.win32_1.1.0.202305231506/tools/bin/../lib/gcc/arm-none-eabi/11.3.1/../../../../arm-none-eabi/lib/thumb/v7e-m+fp/hard\libc_nano.a(libc_a-impure.o)
                0x0000000020000118                _impure_data
 .data._impure_ptr
                0x0000000020000164        0x4 D:/STM32/STM32CubeIDE_1.13.0/STM32CubeIDE/plugins/com.st.stm32cube.ide.mcu.externaltools.gnu-tools-for-stm32.11.3.rel1.win32_1.1.0.202305231506/tools/bin/../lib/gcc/arm-none-eabi/11.3.1/../../../../arm-none-eabi/lib/thumb/v7e-m+fp/hard\libc_nano.a(libc_a-impure.o)
                0x0000000020000164                _impure_ptr
 *(.RamFunc)
 *(.RamFunc*)
                0x0000000020000168                . = ALIGN (0x4)
                0x0000000020000168                _edata = .

.igot.plt       0x0000000020000168        0x0 load address 0x000000000800b374
 .igot.plt      0x0000000020000168        0x0 D:/STM32/STM32CubeIDE_1.13.0/STM32CubeIDE/plugins/com.st.stm32cube.ide.mcu.externaltools.gnu-tools-for-stm32.11.3.rel1.win32_1.1.0.202305231506/tools/bin/../lib/gcc/arm-none-eabi/11.3.1/thumb/v7e-m+fp/hard/crtbegin.o
                0x0000000020000168                . = ALIGN (0x4)

.bss            0x0000000020000168     0x1ec8 load address 0x000000000800b374
                0x0000000020000168                _sbss = .
                0x0000000020000168                __bss_start__ = _sbss
 *(.bss)
 .bss           0x0000000020000168       0x1c D:/STM32/STM32CubeIDE_1.13.0/STM32CubeIDE/plugins/com.st.stm32cube.ide.mcu.externaltools.gnu-tools-for-stm32.11.3.rel1.win32_1.1.0.202305231506/tools/bin/../lib/gcc/arm-none-eabi/11.3.1/thumb/v7e-m+fp/hard/crtbegin.o
 *(.bss*)
 .bss.hcan1     0x0000000020000184       0x28 ./Core/Src/can.o
                0x0000000020000184                hcan1
 .bss.hi2c1     0x00000000200001ac       0x54 ./Core/Src/i2c.o
                0x00000000200001ac                hi2c1
 .bss.rc.0      0x0000000020000200        0x1 ./Core/Src/main.o
 *fill*         0x0000000020000201        0x3 
 .bss.hqspi     0x0000000020000204       0x44 ./Core/Src/quadspi.o
                0x0000000020000204                hqspi
 .bss.__sbrk_heap_end
                0x0000000020000248        0x4 ./Core/Src/sysmem.o
 .bss.huart2    0x000000002000024c       0x88 ./Core/Src/usart.o
                0x000000002000024c                huart2
 .bss.uwTick    0x00000000200002d4        0x4 ./Drivers/STM32L4xx_HAL_Driver/Src/stm32l4xx_hal.o
                0x00000000200002d4                uwTick
 .bss.cfgidx.0  0x00000000200002d8        0x1 ./Middlewares/ST/STM32_USB_Device_Library/Core/Src/usbd_ctlreq.o
 *fill*         0x00000000200002d9        0x3 
 .bss.hUsbDeviceFS
                0x00000000200002dc      0x2dc ./USB_DEVICE/App/usb_device.o
                0x00000000200002dc                hUsbDeviceFS
 .bss.UserRxBufferFS
                0x00000000200005b8      0x800 ./USB_DEVICE/App/usbd_cdc_if.o
                0x00000000200005b8                UserRxBufferFS
 .bss.UserTxBufferFS
                0x0000000020000db8      0x800 ./USB_DEVICE/App/usbd_cdc_if.o
                0x0000000020000db8                UserTxBufferFS
 .bss.USBD_StrDesc
                0x00000000200015b8      0x200 ./USB_DEVICE/App/usbd_desc.o
                0x00000000200015b8                USBD_StrDesc
 .bss.hpcd_USB_OTG_FS
                0x00000000200017b8      0x50c ./USB_DEVICE/Target/usbd_conf.o
                0x00000000200017b8                hpcd_USB_OTG_FS
 .bss.mem.0     0x0000000020001cc4      0x220 ./USB_DEVICE/Target/usbd_conf.o
 .bss.__sf      0x0000000020001ee4      0x138 D:/STM32/STM32CubeIDE_1.13.0/STM32CubeIDE/plugins/com.st.stm32cube.ide.mcu.externaltools.gnu-tools-for-stm32.11.3.rel1.win32_1.1.0.202305231506/tools/bin/../lib/gcc/arm-none-eabi/11.3.1/../../../../arm-none-eabi/lib/thumb/v7e-m+fp/hard\libc_nano.a(libc_a-findfp.o)
                0x0000000020001ee4                __sf
 .bss.__stdio_exit_handler
                0x000000002000201c        0x4 D:/STM32/STM32CubeIDE_1.13.0/STM32CubeIDE/plugins/com.st.stm32cube.ide.mcu.externaltools.gnu-tools-for-stm32.11.3.rel1.win32_1.1.0.202305231506/tools/bin/../lib/gcc/arm-none-eabi/11.3.1/../../../../arm-none-eabi/lib/thumb/v7e-m+fp/hard\libc_nano.a(libc_a-findfp.o)
                0x000000002000201c                __stdio_exit_handler
 .bss.errno     0x0000000020002020        0x4 D:/STM32/STM32CubeIDE_1.13.0/STM32CubeIDE/plugins/com.st.stm32cube.ide.mcu.externaltools.gnu-tools-for-stm32.11.3.rel1.win32_1.1.0.202305231506/tools/bin/../lib/gcc/arm-none-eabi/11.3.1/../../../../arm-none-eabi/lib/thumb/v7e-m+fp/hard\libc_nano.a(libc_a-reent.o)
                0x0000000020002020                errno
 .bss.__lock___malloc_recursive_mutex
                0x0000000020002024        0x1 D:/STM32/STM32CubeIDE_1.13.0/STM32CubeIDE/plugins/com.st.stm32cube.ide.mcu.externaltools.gnu-tools-for-stm32.11.3.rel1.win32_1.1.0.202305231506/tools/bin/../lib/gcc/arm-none-eabi/11.3.1/../../../../arm-none-eabi/lib/thumb/v7e-m+fp/hard\libc_nano.a(libc_a-lock.o)
                0x0000000020002024                __lock___malloc_recursive_mutex
 .bss.__lock___sfp_recursive_mutex
                0x0000000020002025        0x1 D:/STM32/STM32CubeIDE_1.13.0/STM32CubeIDE/plugins/com.st.stm32cube.ide.mcu.externaltools.gnu-tools-for-stm32.11.3.rel1.win32_1.1.0.202305231506/tools/bin/../lib/gcc/arm-none-eabi/11.3.1/../../../../arm-none-eabi/lib/thumb/v7e-m+fp/hard\libc_nano.a(libc_a-lock.o)
                0x0000000020002025                __lock___sfp_recursive_mutex
 *fill*         0x0000000020002026        0x2 
 .bss.__malloc_free_list
                0x0000000020002028        0x4 D:/STM32/STM32CubeIDE_1.13.0/STM32CubeIDE/plugins/com.st.stm32cube.ide.mcu.externaltools.gnu-tools-for-stm32.11.3.rel1.win32_1.1.0.202305231506/tools/bin/../lib/gcc/arm-none-eabi/11.3.1/../../../../arm-none-eabi/lib/thumb/v7e-m+fp/hard\libc_nano.a(libc_a-mallocr.o)
                0x0000000020002028                __malloc_free_list
 .bss.__malloc_sbrk_start
                0x000000002000202c        0x4 D:/STM32/STM32CubeIDE_1.13.0/STM32CubeIDE/plugins/com.st.stm32cube.ide.mcu.externaltools.gnu-tools-for-stm32.11.3.rel1.win32_1.1.0.202305231506/tools/bin/../lib/gcc/arm-none-eabi/11.3.1/../../../../arm-none-eabi/lib/thumb/v7e-m+fp/hard\libc_nano.a(libc_a-mallocr.o)
                0x000000002000202c                __malloc_sbrk_start
 *(COMMON)
                0x0000000020002030                . = ALIGN (0x4)
                0x0000000020002030                _ebss = .
                0x0000000020002030                __bss_end__ = _ebss

._user_heap_stack
                0x0000000020002030     0x2400 load address 0x000000000800b374
                0x0000000020002030                . = ALIGN (0x8)
                [!provide]                        PROVIDE (end = .)
                0x0000000020002030                PROVIDE (_end = .)
                0x0000000020004030                . = (. + _Min_Heap_Size)
 *fill*         0x0000000020002030     0x2000 
                0x0000000020004430                . = (. + _Min_Stack_Size)
 *fill*         0x0000000020004030      0x400 
                0x0000000020004430                . = ALIGN (0x8)

/DISCARD/
 libc.a(*)
 libm.a(*)
 libgcc.a(*)

.ARM.attributes
                0x0000000000000000       0x30
 *(.ARM.attributes)
 .ARM.attributes
                0x0000000000000000       0x1e D:/STM32/STM32CubeIDE_1.13.0/STM32CubeIDE/plugins/com.st.stm32cube.ide.mcu.externaltools.gnu-tools-for-stm32.11.3.rel1.win32_1.1.0.202305231506/tools/bin/../lib/gcc/arm-none-eabi/11.3.1/thumb/v7e-m+fp/hard/crti.o
 .ARM.attributes
                0x000000000000001e       0x34 D:/STM32/STM32CubeIDE_1.13.0/STM32CubeIDE/plugins/com.st.stm32cube.ide.mcu.externaltools.gnu-tools-for-stm32.11.3.rel1.win32_1.1.0.202305231506/tools/bin/../lib/gcc/arm-none-eabi/11.3.1/thumb/v7e-m+fp/hard/crtbegin.o
 .ARM.attributes
                0x0000000000000052       0x34 ./Core/Src/can.o
 .ARM.attributes
                0x0000000000000086       0x34 ./Core/Src/gpio.o
 .ARM.attributes
                0x00000000000000ba       0x34 ./Core/Src/i2c.o
 .ARM.attributes
                0x00000000000000ee       0x34 ./Core/Src/main.o
 .ARM.attributes
                0x0000000000000122       0x34 ./Core/Src/quadspi.o
 .ARM.attributes
                0x0000000000000156       0x34 ./Core/Src/stm32l4xx_hal_msp.o
 .ARM.attributes
                0x000000000000018a       0x34 ./Core/Src/stm32l4xx_it.o
 .ARM.attributes
                0x00000000000001be       0x34 ./Core/Src/syscalls.o
 .ARM.attributes
                0x00000000000001f2       0x34 ./Core/Src/sysmem.o
 .ARM.attributes
                0x0000000000000226       0x34 ./Core/Src/system_stm32l4xx.o
 .ARM.attributes
                0x000000000000025a       0x34 ./Core/Src/usart.o
 .ARM.attributes
                0x000000000000028e       0x21 ./Core/Startup/startup_stm32l476rgtx.o
 .ARM.attributes
                0x00000000000002af       0x34 ./Drivers/STM32L4xx_HAL_Driver/Src/stm32l4xx_hal.o
 .ARM.attributes
                0x00000000000002e3       0x34 ./Drivers/STM32L4xx_HAL_Driver/Src/stm32l4xx_hal_can.o
 .ARM.attributes
                0x0000000000000317       0x34 ./Drivers/STM32L4xx_HAL_Driver/Src/stm32l4xx_hal_cortex.o
 .ARM.attributes
                0x000000000000034b       0x34 ./Drivers/STM32L4xx_HAL_Driver/Src/stm32l4xx_hal_dma.o
 .ARM.attributes
                0x000000000000037f       0x34 ./Drivers/STM32L4xx_HAL_Driver/Src/stm32l4xx_hal_gpio.o
 .ARM.attributes
                0x00000000000003b3       0x34 ./Drivers/STM32L4xx_HAL_Driver/Src/stm32l4xx_hal_i2c.o
 .ARM.attributes
                0x00000000000003e7       0x34 ./Drivers/STM32L4xx_HAL_Driver/Src/stm32l4xx_hal_i2c_ex.o
 .ARM.attributes
                0x000000000000041b       0x34 ./Drivers/STM32L4xx_HAL_Driver/Src/stm32l4xx_hal_pcd.o
 .ARM.attributes
                0x000000000000044f       0x34 ./Drivers/STM32L4xx_HAL_Driver/Src/stm32l4xx_hal_pcd_ex.o
 .ARM.attributes
                0x0000000000000483       0x34 ./Drivers/STM32L4xx_HAL_Driver/Src/stm32l4xx_hal_pwr.o
 .ARM.attributes
                0x00000000000004b7       0x34 ./Drivers/STM32L4xx_HAL_Driver/Src/stm32l4xx_hal_pwr_ex.o
 .ARM.attributes
                0x00000000000004eb       0x34 ./Drivers/STM32L4xx_HAL_Driver/Src/stm32l4xx_hal_qspi.o
 .ARM.attributes
                0x000000000000051f       0x34 ./Drivers/STM32L4xx_HAL_Driver/Src/stm32l4xx_hal_rcc.o
 .ARM.attributes