../Core/Src/quadspi.c:36:6:MX_QUADSPI_Init	8	static
../Core/Src/quadspi.c:63:6:HAL_QSPI_MspInit	48	static
../Core/Src/quadspi.c:105:6:HAL_QSPI_MspDeInit	16	static
../Core/Src/quadspi.c:137:9:CSP_QUADSPI_Init	8	static
../Core/Src/quadspi.c:169:9:CSP_QSPI_Erase_Chip	64	static
../Core/Src/quadspi.c:204:9:QSPI_AutoPollingMemReady	88	static
../Core/Src/quadspi.c:235:16:QSPI_WriteEnable	88	static
../Core/Src/quadspi.c:273:9:QSPI_Configuration	72	static
../Core/Src/quadspi.c:348:9:QSPI_Read	88	static
../Core/Src/quadspi.c:384:9:CSP_QSPI_EraseSector	72	static
../Core/Src/quadspi.c:425:9:CSP_QSPI_WriteMemory	96	static
../Core/Src/quadspi.c:507:9:CSP_QSPI_EnableMemoryMappedMode	72	static
../Core/Src/quadspi.c:535:9:QSPI_ResetChip	72	static,ignoring_inline_asm
../Core/Src/quadspi.c:655:9:CSP_QSPI_Read	24	static
